{"level":"info","message":"GET / 404 9 - 2.138 ms"}
{"level":"info","message":"GET /favicon.ico 404 9 - 0.526 ms"}
{"level":"info","message":"GET /sw.js 404 9 - 0.320 ms"}
{"level":"info","message":"GET /map 404 9 - 0.227 ms"}
{"level":"info","message":"GET /sw.js 404 9 - 0.263 ms"}
{"level":"info","message":"GET /webmap 404 9 - 0.269 ms"}
{"level":"info","message":"GET /sw.js 404 9 - 0.248 ms"}
{"level":"info","message":"GET / 404 9 - 0.211 ms"}
{"level":"info","message":"GET /sw.js 404 9 - 0.628 ms"}
{"level":"info","message":"GET / 404 9 - 0.267 ms"}
{"level":"info","message":"GET /.well-known/appspecific/com.chrome.devtools.json 404 9 - 0.179 ms"}
{"level":"info","message":"GET /sw.js.map 404 9 - 0.217 ms"}
{"level":"info","message":"GET /workbox-7144475a.js.map 404 9 - 0.208 ms"}
{"level":"info","message":"GET / 404 9 - 0.238 ms"}
{"level":"info","message":"GET /.well-known/appspecific/com.chrome.devtools.json 404 9 - 0.238 ms"}
{"level":"info","message":"GET /favicon.ico 404 9 - 0.198 ms"}
{"level":"info","message":"GET /unvt 301 154 - 1.026 ms"}
{"level":"info","message":"GET /unvt/ 200 4108 - 30.439 ms"}
{"level":"info","message":"GET /.well-known/appspecific/com.chrome.devtools.json 404 9 - 0.193 ms"}
{"level":"info","message":"GET /unvt/stylesheets/style.css 200 123 - 1.259 ms"}
{"level":"info","message":"GET /sw.js 404 9 - 0.226 ms"}
{"level":"info","message":"GET /unvt/map-l 200 1392 - 1.502 ms"}
{"level":"info","message":"GET /.well-known/appspecific/com.chrome.devtools.json 404 9 - 0.231 ms"}
{"level":"info","message":"GET /unvt/maplibre-gl@5.3.0/maplibre-gl.css 200 69422 - 0.487 ms"}
{"level":"info","message":"GET /unvt/maplibre-gl@5.3.0/maplibre-gl.js 200 913906 - 0.467 ms"}
{"level":"info","message":"GET /unvt/maplibre-gl@5.3.0/maplibre-gl.js.map 200 5294603 - 0.501 ms"}
{"level":"info","message":"GET /unvt/styles/style-std.json 200 209026 - 0.491 ms"}
{"level":"info","message":"GET /sw.js 404 9 - 0.238 ms"}
{"level":"info","message":"GET /unvt/ 200 4108 - 5.270 ms"}
{"level":"info","message":"GET /.well-known/appspecific/com.chrome.devtools.json 404 9 - 0.256 ms"}
{"level":"info","message":"GET /unvt/stylesheets/style.css 200 123 - 1.928 ms"}
{"level":"info","message":"GET /sw.js 404 9 - 0.208 ms"}
{"level":"info","message":"GET /unvt/webmap-l 200 8801 - 1.146 ms"}
{"level":"info","message":"GET /.well-known/appspecific/com.chrome.devtools.json 404 9 - 0.154 ms"}
{"level":"info","message":"GET /unvt/maplibre-gl@5.3.0/maplibre-gl.css 200 69422 - 1.697 ms"}
{"level":"info","message":"GET /unvt/maplibre-gl@5.3.0/maplibre-gl.js 200 913906 - 1.388 ms"}
{"level":"info","message":"GET /unvt/watergis/maplibre-gl-export@4.0.1/maplibre-gl-export.css 200 1847 - 0.718 ms"}
{"level":"info","message":"GET /unvt/watergis/maplibre-gl-legend@2.0.5/maplibre-gl-legend.css 200 2618 - 0.478 ms"}
{"level":"info","message":"GET /unvt/watergis/maplibre-gl-export@4.0.1/maplibre-gl-export.umd.js 200 767494 - 0.459 ms"}
{"level":"info","message":"GET /unvt/watergis/maplibre-gl-legend@2.0.5/maplibre-gl-legend.umd.js 200 252685 - 0.416 ms"}
{"level":"info","message":"GET /unvt/watergis/maplibre-gl-export@4.0.1/maplibre-gl-export.umd.js.map 404 9 - 0.443 ms"}
{"level":"info","message":"GET /unvt/styles/style-std.json 200 209026 - 0.401 ms"}
{"level":"info","message":"GET /unvt/watergis/maplibre-gl-legend@2.0.5/maplibre-gl-legend.umd.js.map 404 9 - 0.399 ms"}
{"level":"info","message":"GET /unvt/maplibre-gl@5.3.0/maplibre-gl.js.map 200 5294603 - 0.961 ms"}
{"level":"info","message":"GET /sw.js 404 9 - 0.276 ms"}
{"level":"info","message":"GET /unvt/styles/style-std.json 200 209026 - 0.418 ms"}
{"level":"info","message":"GET /.well-known/appspecific/com.chrome.devtools.json 404 9 - 0.190 ms"}
{"level":"info","message":"GET /unvt/ 200 4108 - 3.114 ms"}
{"level":"info","message":"GET /unvt/stylesheets/style.css 200 123 - 0.366 ms"}
{"level":"info","message":"GET /.well-known/appspecific/com.chrome.devtools.json 404 9 - 0.197 ms"}
{"level":"info","message":"GET /unvt/map-l 200 1392 - 1.136 ms"}
{"level":"info","message":"GET /.well-known/appspecific/com.chrome.devtools.json 404 9 - 0.184 ms"}
{"level":"info","message":"GET /unvt/maplibre-gl@5.3.0/maplibre-gl.css 200 69422 - 0.698 ms"}
{"level":"info","message":"GET /unvt/maplibre-gl@5.3.0/maplibre-gl.js 200 913906 - 0.604 ms"}
{"level":"info","message":"GET /unvt/maplibre-gl@5.3.0/maplibre-gl.js.map 200 5294603 - 0.697 ms"}
{"level":"info","message":"GET /unvt/styles/style-std.json 200 209026 - 0.390 ms"}
{"level":"info","message":"GET /sw.js 404 9 - 0.212 ms"}
{"level":"info","message":"GET /unvt/map-l 200 1392 - 0.879 ms"}
{"level":"info","message":"GET /.well-known/appspecific/com.chrome.devtools.json 404 9 - 0.188 ms"}
{"level":"info","message":"GET /unvt/maplibre-gl@5.3.0/maplibre-gl.js 200 913906 - 0.351 ms"}
{"level":"info","message":"GET /unvt/maplibre-gl@5.3.0/maplibre-gl.css 200 69422 - 0.398 ms"}
{"level":"info","message":"GET /unvt/maplibre-gl@5.3.0/maplibre-gl.js.map 200 5294603 - 0.386 ms"}
{"level":"info","message":"GET /unvt/styles/style-std.json 200 209026 - 0.405 ms"}
{"level":"info","message":"GET /sw.js 404 9 - 0.195 ms"}
{"level":"info","message":"GET /unvt/map-l 200 1392 - 21.882 ms"}
{"level":"info","message":"GET /unvt/maplibre-gl@5.3.0/maplibre-gl.js 200 913906 - 1.282 ms"}
{"level":"info","message":"GET /.well-known/appspecific/com.chrome.devtools.json 404 9 - 0.474 ms"}
{"level":"info","message":"GET /unvt/maplibre-gl@5.3.0/maplibre-gl.css 200 69422 - 0.505 ms"}
{"level":"info","message":"GET /unvt/maplibre-gl@5.3.0/maplibre-gl.js.map 200 5294603 - 0.507 ms"}
{"level":"info","message":"GET /unvt/styles/style-std.json 200 209026 - 0.508 ms"}
{"level":"info","message":"GET /sw.js 404 9 - 0.387 ms"}
{"level":"info","message":"GET /unvt/ 200 4108 - 32.322 ms"}
{"level":"info","message":"GET /.well-known/appspecific/com.chrome.devtools.json 404 9 - 0.576 ms"}
{"level":"info","message":"GET /unvt/stylesheets/style.css 200 123 - 1.319 ms"}
{"level":"info","message":"GET /unvt/map-l 200 1392 - 1.189 ms"}
{"level":"info","message":"GET /.well-known/appspecific/com.chrome.devtools.json 404 9 - 0.327 ms"}
{"level":"info","message":"GET /unvt/maplibre-gl@5.3.0/maplibre-gl.js 200 913906 - 0.505 ms"}
{"level":"info","message":"GET /unvt/maplibre-gl@5.3.0/maplibre-gl.css 200 69422 - 0.414 ms"}
{"level":"info","message":"GET /unvt/maplibre-gl@5.3.0/maplibre-gl.js.map 200 5294603 - 0.460 ms"}
{"level":"info","message":"GET /unvt/styles/style-std.json 200 209026 - 0.563 ms"}
{"level":"info","message":"GET /unvt/styles/style-std.json 200 209026 - 0.453 ms"}
{"level":"info","message":"GET /unvt/styles/style-std.json 200 209026 - 0.576 ms"}
{"level":"info","message":"GET /unvt/styles/style-std.json 200 209026 - 1.348 ms"}
{"level":"info","message":"GET /unvt/styles/style-std.json 200 208993 - 2.351 ms"}
{"level":"info","message":"GET /unvt/map-l 200 1392 - 21.117 ms"}
{"level":"info","message":"GET /.well-known/appspecific/com.chrome.devtools.json 404 9 - 0.503 ms"}
{"level":"info","message":"GET /unvt/maplibre-gl@5.3.0/maplibre-gl.css 200 69422 - 0.491 ms"}
{"level":"info","message":"GET /unvt/maplibre-gl@5.3.0/maplibre-gl.js 200 913906 - 0.532 ms"}
{"level":"info","message":"GET /unvt/maplibre-gl@5.3.0/maplibre-gl.js.map 200 5294603 - 0.434 ms"}
{"level":"info","message":"GET /favicon.ico 404 9 - 0.321 ms"}
{"level":"info","message":"GET /unvt/styles/style-std.json 200 208993 - 0.421 ms"}
{"level":"info","message":"GET /unvt/sprite-rev/sprite_S.json 200 13660 - 0.501 ms"}
{"level":"info","message":"GET /unvt/VT/zxy/UniteStreetMapVector/1/1/1.pbf 404 57 - 3.449 ms"}
{"level":"info","message":"GET /unvt/VT/zxy/UniteStreetMapVector/1/0/1.pbf 404 57 - 0.531 ms"}
{"level":"info","message":"GET /unvt/sprite-rev/sprite_S.png 200 24866 - 1.262 ms"}
{"level":"info","message":"GET /unvt/VT/zxy/UniteStreetMapVector/1/1/0.pbf 404 57 - 0.524 ms"}
{"level":"info","message":"GET /unvt/VT/zxy/UniteStreetMapVector/1/0/1.pbf 404 57 - 0.647 ms"}
{"level":"info","message":"GET /unvt/VT/zxy/UniteStreetMapVector/1/0/0.pbf 404 57 - 0.442 ms"}
{"level":"info","message":"GET /unvt/VT/zxy/UniteStreetMapVector/1/1/1.pbf 404 57 - 0.540 ms"}
{"level":"info","message":"GET /unvt/VT/zxy/UniteStreetMapVector/1/0/0.pbf 404 57 - 0.453 ms"}
{"level":"info","message":"GET /unvt/VT/zxy/UniteStreetMapVector/1/1/0.pbf 404 57 - 0.915 ms"}
{"level":"info","message":"GET /unvt/VT/zxy/UniteStreetMapVector/3/2/1.pbf 404 57 - 0.578 ms"}
{"level":"info","message":"GET /unvt/VT/zxy/UniteStreetMapVector/3/2/3.pbf 404 57 - 0.556 ms"}
{"level":"info","message":"GET /unvt/VT/zxy/UniteStreetMapVector/3/1/1.pbf 404 57 - 0.450 ms"}
{"level":"info","message":"GET /unvt/VT/zxy/UniteStreetMapVector/3/2/2.pbf 404 57 - 0.477 ms"}
{"level":"info","message":"GET /unvt/VT/zxy/UniteStreetMapVector/3/1/2.pbf 404 57 - 0.498 ms"}
{"level":"info","message":"GET /unvt/VT/zxy/UniteStreetMapVector/3/1/3.pbf 404 57 - 0.451 ms"}
{"level":"info","message":"GET /unvt/VT/zxy/UniteStreetMapVector/3/3/2.pbf 404 57 - 0.381 ms"}
{"level":"info","message":"GET /unvt/VT/zxy/UniteStreetMapVector/3/3/1.pbf 404 57 - 0.409 ms"}
{"level":"info","message":"GET /unvt/VT/zxy/UniteStreetMapVector/3/3/3.pbf 404 57 - 0.425 ms"}
{"level":"info","message":"GET /unvt/VT/zxy/UniteStreetMapVector/4/4/3.pbf 404 57 - 0.466 ms"}
{"level":"info","message":"GET /unvt/VT/zxy/UniteStreetMapVector/4/4/4.pbf 404 57 - 0.325 ms"}
{"level":"info","message":"GET /unvt/VT/zxy/UniteStreetMapVector/4/5/3.pbf 404 57 - 0.303 ms"}
{"level":"info","message":"GET /unvt/VT/zxy/UniteStreetMapVector/4/5/4.pbf 404 57 - 0.392 ms"}
{"level":"info","message":"GET /unvt/VT/zxy/UniteStreetMapVector/4/6/4.pbf 404 57 - 0.856 ms"}
{"level":"info","message":"GET /unvt/VT/zxy/UniteStreetMapVector/4/4/5.pbf 404 57 - 0.418 ms"}
{"level":"info","message":"GET /unvt/VT/zxy/UniteStreetMapVector/4/5/5.pbf 404 57 - 0.396 ms"}
{"level":"info","message":"GET /unvt/VT/zxy/UniteStreetMapVector/4/6/3.pbf 404 57 - 0.412 ms"}
{"level":"info","message":"GET /unvt/VT/zxy/UniteStreetMapVector/4/6/5.pbf 404 57 - 0.540 ms"}
{"level":"info","message":"GET /unvt/VT/zxy/UniteStreetMapVector/5/10/8.pbf 404 58 - 0.531 ms"}
{"level":"info","message":"GET /unvt/VT/zxy/UniteStreetMapVector/5/11/7.pbf 404 58 - 0.568 ms"}
{"level":"info","message":"GET /unvt/VT/zxy/UniteStreetMapVector/5/10/7.pbf 404 58 - 0.445 ms"}
{"level":"info","message":"GET /unvt/VT/zxy/UniteStreetMapVector/5/11/8.pbf 404 58 - 0.419 ms"}
{"level":"info","message":"GET /unvt/VT/zxy/UniteStreetMapVector/5/10/9.pbf 404 58 - 0.427 ms"}
{"level":"info","message":"GET /unvt/map-l 200 1392 - 1.261 ms"}
{"level":"info","message":"GET /.well-known/appspecific/com.chrome.devtools.json 404 9 - 0.213 ms"}
{"level":"info","message":"GET /unvt/maplibre-gl@5.3.0/maplibre-gl.js 200 913906 - 1.418 ms"}
{"level":"info","message":"GET /unvt/maplibre-gl@5.3.0/maplibre-gl.css 200 69422 - 0.654 ms"}
{"level":"info","message":"GET /unvt/maplibre-gl@5.3.0/maplibre-gl.js.map 200 5294603 - 0.482 ms"}
{"level":"info","message":"GET /unvt/styles/style-std.json 200 208993 - 0.423 ms"}
{"level":"info","message":"GET /unvt/sprite-rev/sprite_S.json 200 13660 - 0.804 ms"}
{"level":"info","message":"GET /unvt/sprite-rev/sprite_S.png 200 24866 - 0.637 ms"}
{"level":"info","message":"GET /unvt/VT/zxy/UniteStreetMapVector/5/11/8.pbf 404 58 - 0.406 ms"}
{"level":"info","message":"GET /unvt/VT/zxy/UniteStreetMapVector/5/10/8.pbf 404 58 - 0.379 ms"}
{"level":"info","message":"GET /unvt/VT/zxy/UniteStreetMapVector/5/11/7.pbf 404 58 - 0.402 ms"}
{"level":"info","message":"GET /unvt/VT/zxy/UniteStreetMapVector/5/10/7.pbf 404 58 - 0.461 ms"}
{"level":"info","message":"GET /unvt/map-l 200 1392 - 1.045 ms"}
{"level":"info","message":"GET /.well-known/appspecific/com.chrome.devtools.json 404 9 - 0.238 ms"}
{"level":"info","message":"GET /unvt/maplibre-gl@5.3.0/maplibre-gl.js 200 913906 - 0.525 ms"}
{"level":"info","message":"GET /unvt/maplibre-gl@5.3.0/maplibre-gl.css 200 69422 - 0.391 ms"}
{"level":"info","message":"GET /unvt/maplibre-gl@5.3.0/maplibre-gl.js.map 200 5294603 - 0.466 ms"}
{"level":"info","message":"GET /unvt/styles/style-std.json 200 208993 - 0.453 ms"}
{"level":"info","message":"GET /unvt/sprite-rev/sprite_S.png 200 24866 - 0.515 ms"}
{"level":"info","message":"GET /unvt/sprite-rev/sprite_S.json 200 13660 - 0.466 ms"}
{"level":"info","message":"GET /unvt/VT/zxy/UniteStreetMapVector/1/1/0.pbf 404 57 - 0.468 ms"}
{"level":"info","message":"GET /unvt/VT/zxy/UniteStreetMapVector/1/0/0.pbf 404 57 - 0.452 ms"}
{"level":"info","message":"GET /unvt/VT/zxy/UniteStreetMapVector/1/1/0.pbf 404 57 - 0.538 ms"}
{"level":"info","message":"GET /unvt/VT/zxy/UniteStreetMapVector/1/0/0.pbf 404 57 - 0.448 ms"}
{"level":"info","message":"GET /unvt/VT/zxy/UniteStreetMapVector/1/1/1.pbf 404 57 - 0.440 ms"}
{"level":"info","message":"GET /unvt/VT/zxy/UniteStreetMapVector/1/0/1.pbf 404 57 - 0.440 ms"}
{"level":"info","message":"GET /unvt/VT/zxy/UniteStreetMapVector/1/0/1.pbf 404 57 - 0.405 ms"}
{"level":"info","message":"GET /unvt/VT/zxy/UniteStreetMapVector/1/1/1.pbf 404 57 - 0.418 ms"}
{"level":"info","message":"GET /unvt/VT/zxy/UniteStreetMapVector/1/1/0.pbf 404 57 - 0.556 ms"}
{"level":"info","message":"GET /unvt/VT/zxy/UniteStreetMapVector/2/2/1.pbf 404 57 - 1.227 ms"}
{"level":"info","message":"GET /unvt/VT/zxy/UniteStreetMapVector/2/1/2.pbf 404 57 - 0.723 ms"}
{"level":"info","message":"GET /unvt/VT/zxy/UniteStreetMapVector/2/2/2.pbf 404 57 - 0.492 ms"}
{"level":"info","message":"GET /unvt/VT/zxy/UniteStreetMapVector/2/1/1.pbf 404 57 - 0.514 ms"}
{"level":"info","message":"GET /unvt/VT/zxy/UniteStreetMapVector/2/2/0.pbf 404 57 - 0.592 ms"}
{"level":"info","message":"GET /unvt/VT/zxy/UniteStreetMapVector/2/3/1.pbf 404 57 - 0.583 ms"}
{"level":"info","message":"GET /unvt/VT/zxy/UniteStreetMapVector/2/3/2.pbf 404 57 - 0.448 ms"}
{"level":"info","message":"GET /unvt/VT/zxy/UniteStreetMapVector/2/3/0.pbf 404 57 - 0.543 ms"}
{"level":"info","message":"GET /unvt/VT/zxy/UniteStreetMapVector/2/1/0.pbf 404 57 - 0.438 ms"}
{"level":"info","message":"GET /unvt/VT/zxy/UniteStreetMapVector/3/4/3.pbf 404 57 - 0.433 ms"}
{"level":"info","message":"GET /unvt/VT/zxy/UniteStreetMapVector/3/5/3.pbf 404 57 - 0.421 ms"}
{"level":"info","message":"GET /unvt/VT/zxy/UniteStreetMapVector/3/3/3.pbf 404 57 - 0.383 ms"}
{"level":"info","message":"GET /unvt/VT/zxy/UniteStreetMapVector/3/4/4.pbf 404 57 - 0.401 ms"}
{"level":"info","message":"GET /unvt/VT/zxy/UniteStreetMapVector/3/4/2.pbf 404 57 - 0.487 ms"}
{"level":"info","message":"GET /unvt/VT/zxy/UniteStreetMapVector/3/3/4.pbf 404 57 - 0.381 ms"}
{"level":"info","message":"GET /unvt/VT/zxy/UniteStreetMapVector/3/5/4.pbf 404 57 - 0.413 ms"}
{"level":"info","message":"GET /unvt/VT/zxy/UniteStreetMapVector/3/3/2.pbf 404 57 - 0.429 ms"}
{"level":"info","message":"GET /unvt/VT/zxy/UniteStreetMapVector/4/8/7.pbf 404 57 - 0.446 ms"}
{"level":"info","message":"GET /unvt/VT/zxy/UniteStreetMapVector/4/9/7.pbf 404 57 - 0.436 ms"}
{"level":"info","message":"GET /unvt/VT/zxy/UniteStreetMapVector/3/5/2.pbf 404 57 - 0.429 ms"}
{"level":"info","message":"GET /unvt/VT/zxy/UniteStreetMapVector/4/8/6.pbf 404 57 - 0.405 ms"}
{"level":"info","message":"GET /unvt/VT/zxy/UniteStreetMapVector/4/9/6.pbf 404 57 - 0.462 ms"}
{"level":"info","message":"GET /unvt/VT/zxy/UniteStreetMapVector/4/8/8.pbf 404 57 - 0.394 ms"}
{"level":"info","message":"GET /unvt/VT/zxy/UniteStreetMapVector/4/10/7.pbf 404 58 - 0.413 ms"}
{"level":"info","message":"GET /unvt/VT/zxy/UniteStreetMapVector/4/7/6.pbf 404 57 - 0.404 ms"}
{"level":"info","message":"GET /unvt/VT/zxy/UniteStreetMapVector/4/7/8.pbf 404 57 - 0.426 ms"}
{"level":"info","message":"GET /unvt/VT/zxy/UniteStreetMapVector/4/7/7.pbf 404 57 - 0.384 ms"}
{"level":"info","message":"GET /unvt/VT/zxy/UniteStreetMapVector/4/9/8.pbf 404 57 - 0.382 ms"}
{"level":"info","message":"GET /unvt/VT/zxy/UniteStreetMapVector/4/10/8.pbf 404 58 - 0.418 ms"}
{"level":"info","message":"GET /unvt/VT/zxy/UniteStreetMapVector/5/18/14.pbf 404 59 - 0.396 ms"}
{"level":"info","message":"GET /unvt/VT/zxy/UniteStreetMapVector/5/17/14.pbf 404 59 - 0.450 ms"}
{"level":"info","message":"GET /unvt/VT/zxy/UniteStreetMapVector/5/18/15.pbf 404 59 - 0.369 ms"}
{"level":"info","message":"GET /unvt/VT/zxy/UniteStreetMapVector/5/17/15.pbf 404 59 - 0.363 ms"}
{"level":"info","message":"GET /unvt/VT/zxy/UniteStreetMapVector/4/10/6.pbf 404 58 - 0.442 ms"}
{"level":"info","message":"GET /unvt/VT/zxy/UniteStreetMapVector/5/19/14.pbf 404 59 - 0.392 ms"}
{"level":"info","message":"GET /unvt/VT/zxy/UniteStreetMapVector/5/18/13.pbf 404 59 - 0.317 ms"}
{"level":"info","message":"GET /unvt/VT/zxy/UniteStreetMapVector/5/17/13.pbf 404 59 - 0.304 ms"}
{"level":"info","message":"GET /unvt/VT/zxy/UniteStreetMapVector/5/19/15.pbf 404 59 - 0.421 ms"}
{"level":"info","message":"GET /unvt/VT/zxy/UniteStreetMapVector/6/36/29.pbf 404 59 - 0.441 ms"}
{"level":"info","message":"GET /unvt/VT/zxy/UniteStreetMapVector/5/19/13.pbf 404 59 - 0.308 ms"}
{"level":"info","message":"GET /unvt/VT/zxy/UniteStreetMapVector/6/36/28.pbf 404 59 - 0.384 ms"}
{"level":"info","message":"GET /unvt/VT/zxy/UniteStreetMapVector/6/35/29.pbf 404 59 - 0.404 ms"}
{"level":"info","message":"GET /unvt/VT/zxy/UniteStreetMapVector/6/35/28.pbf 404 59 - 0.369 ms"}
{"level":"info","message":"GET /unvt/VT/zxy/UniteStreetMapVector/6/37/29.pbf 404 59 - 0.412 ms"}
{"level":"info","message":"GET /unvt/VT/zxy/UniteStreetMapVector/6/36/30.pbf 404 59 - 0.407 ms"}
{"level":"info","message":"GET /unvt/VT/zxy/UniteStreetMapVector/6/37/28.pbf 404 59 - 0.451 ms"}
{"level":"info","message":"GET /unvt/VT/zxy/UniteStreetMapVector/6/35/30.pbf 404 59 - 0.381 ms"}
{"level":"info","message":"GET /unvt/VT/zxy/UniteStreetMapVector/6/37/30.pbf 404 59 - 0.503 ms"}
{"level":"info","message":"GET /unvt/VT/zxy/UniteStreetMapVector/7/72/58.pbf 404 59 - 0.295 ms"}
{"level":"info","message":"GET /unvt/VT/zxy/UniteStreetMapVector/7/73/58.pbf 404 59 - 0.406 ms"}
{"level":"info","message":"GET /unvt/VT/zxy/UniteStreetMapVector/7/72/57.pbf 404 59 - 0.624 ms"}
{"level":"info","message":"GET /unvt/VT/zxy/UniteStreetMapVector/7/72/59.pbf 404 59 - 0.303 ms"}
{"level":"info","message":"GET /unvt/VT/zxy/UniteStreetMapVector/7/73/57.pbf 404 59 - 0.368 ms"}
{"level":"info","message":"GET /unvt/VT/zxy/UniteStreetMapVector/7/73/59.pbf 404 59 - 0.424 ms"}
{"level":"info","message":"GET /unvt/VT/zxy/UniteStreetMapVector/7/71/58.pbf 404 59 - 0.303 ms"}
{"level":"info","message":"GET /unvt/VT/zxy/UniteStreetMapVector/7/71/59.pbf 404 59 - 0.505 ms"}
{"level":"info","message":"GET /unvt/VT/zxy/UniteStreetMapVector/7/71/57.pbf 404 59 - 0.309 ms"}
{"level":"info","message":"GET /unvt/VT/zxy/UniteStreetMapVector/8/145/117.pbf 404 61 - 0.421 ms"}
{"level":"info","message":"GET /unvt/VT/zxy/UniteStreetMapVector/8/146/116.pbf 404 61 - 0.388 ms"}
{"level":"info","message":"GET /unvt/VT/zxy/UniteStreetMapVector/8/144/116.pbf 404 61 - 0.421 ms"}
{"level":"info","message":"GET /unvt/VT/zxy/UniteStreetMapVector/8/146/117.pbf 404 61 - 0.419 ms"}
{"level":"info","message":"GET /unvt/VT/zxy/UniteStreetMapVector/8/145/116.pbf 404 61 - 0.362 ms"}
{"level":"info","message":"GET /unvt/VT/zxy/UniteStreetMapVector/8/146/115.pbf 404 61 - 0.364 ms"}
{"level":"info","message":"GET /unvt/VT/zxy/UniteStreetMapVector/8/144/115.pbf 404 61 - 0.289 ms"}
{"level":"info","message":"GET /unvt/VT/zxy/UniteStreetMapVector/9/291/233.pbf 404 61 - 0.376 ms"}
{"level":"info","message":"GET /unvt/VT/zxy/UniteStreetMapVector/9/291/232.pbf 404 61 - 0.329 ms"}
{"level":"info","message":"GET /unvt/VT/zxy/UniteStreetMapVector/9/290/233.pbf 404 61 - 0.461 ms"}
{"level":"info","message":"GET /unvt/VT/zxy/UniteStreetMapVector/8/145/115.pbf 404 61 - 0.372 ms"}
{"level":"info","message":"GET /unvt/VT/zxy/UniteStreetMapVector/8/144/117.pbf 404 61 - 0.388 ms"}
{"level":"info","message":"GET /unvt/VT/zxy/UniteStreetMapVector/9/290/232.pbf 404 61 - 0.514 ms"}
{"level":"info","message":"GET /unvt/VT/zxy/UniteStreetMapVector/9/292/233.pbf 404 61 - 0.422 ms"}
{"level":"info","message":"GET /unvt/VT/zxy/UniteStreetMapVector/9/291/234.pbf 404 61 - 0.392 ms"}
{"level":"info","message":"GET /unvt/VT/zxy/UniteStreetMapVector/9/290/234.pbf 404 61 - 0.444 ms"}
{"level":"info","message":"GET /unvt/VT/zxy/UniteStreetMapVector/9/292/232.pbf 404 61 - 0.358 ms"}
{"level":"info","message":"GET /unvt/VT/zxy/UniteStreetMapVector/9/292/234.pbf 404 61 - 0.370 ms"}
{"level":"info","message":"GET /unvt/VT/zxy/UniteStreetMapVector/10/582/466.pbf 404 62 - 0.457 ms"}
{"level":"info","message":"GET /unvt/VT/zxy/UniteStreetMapVector/10/583/466.pbf 404 62 - 0.349 ms"}
{"level":"info","message":"GET /unvt/VT/zxy/UniteStreetMapVector/10/582/465.pbf 404 62 - 0.317 ms"}
{"level":"info","message":"GET /unvt/VT/zxy/UniteStreetMapVector/10/583/465.pbf 404 62 - 0.439 ms"}
{"level":"info","message":"GET /unvt/VT/zxy/UniteStreetMapVector/10/582/467.pbf 404 62 - 0.402 ms"}
{"level":"info","message":"GET /unvt/VT/zxy/UniteStreetMapVector/10/583/467.pbf 404 62 - 0.482 ms"}
{"level":"info","message":"GET /unvt/VT/zxy/UniteStreetMapVector/10/581/466.pbf 404 62 - 0.405 ms"}
{"level":"info","message":"GET /unvt/VT/zxy/UniteStreetMapVector/10/581/465.pbf 404 62 - 0.488 ms"}
{"level":"info","message":"GET /unvt/VT/zxy/UniteStreetMapVector/10/584/465.pbf 404 62 - 0.403 ms"}
{"level":"info","message":"GET /unvt/VT/zxy/UniteStreetMapVector/10/581/467.pbf 404 62 - 0.375 ms"}
{"level":"info","message":"GET /unvt/VT/zxy/UniteStreetMapVector/10/584/467.pbf 404 62 - 0.390 ms"}
{"level":"info","message":"GET /unvt/VT/zxy/UniteStreetMapVector/11/1166/932.pbf 404 63 - 0.382 ms"}
{"level":"info","message":"GET /unvt/VT/zxy/UniteStreetMapVector/11/1165/932.pbf 404 63 - 0.336 ms"}
{"level":"info","message":"GET /unvt/VT/zxy/UniteStreetMapVector/10/584/466.pbf 404 62 - 0.367 ms"}
{"level":"info","message":"GET /unvt/VT/zxy/UniteStreetMapVector/11/1166/933.pbf 404 63 - 0.341 ms"}
{"level":"info","message":"GET /unvt/VT/zxy/UniteStreetMapVector/11/1165/933.pbf 404 63 - 1.246 ms"}
{"level":"info","message":"GET /unvt/VT/zxy/UniteStreetMapVector/11/1166/931.pbf 404 63 - 0.366 ms"}
{"level":"info","message":"GET /unvt/VT/zxy/UniteStreetMapVector/11/1165/931.pbf 404 63 - 0.367 ms"}
{"level":"info","message":"GET /unvt/VT/zxy/UniteStreetMapVector/11/1167/932.pbf 404 63 - 0.340 ms"}
{"level":"info","message":"GET /unvt/VT/zxy/UniteStreetMapVector/11/1167/933.pbf 404 63 - 0.327 ms"}
{"level":"info","message":"GET /unvt/VT/zxy/UniteStreetMapVector/11/1167/931.pbf 404 63 - 0.374 ms"}
{"level":"info","message":"GET /unvt/VT/zxy/UniteStreetMapVector/12/2332/1865.pbf 404 64 - 0.425 ms"}
{"level":"info","message":"GET /unvt/VT/zxy/UniteStreetMapVector/12/2332/1864.pbf 404 64 - 0.346 ms"}
{"level":"info","message":"GET /unvt/VT/zxy/UniteStreetMapVector/12/2331/1864.pbf 404 64 - 0.410 ms"}
{"level":"info","message":"GET /unvt/VT/zxy/UniteStreetMapVector/12/2333/1865.pbf 404 64 - 0.366 ms"}
{"level":"info","message":"GET /unvt/VT/zxy/UniteStreetMapVector/12/2333/1864.pbf 404 64 - 0.473 ms"}
{"level":"info","message":"GET /unvt/VT/zxy/UniteStreetMapVector/12/2332/1866.pbf 404 64 - 0.354 ms"}
{"level":"info","message":"GET /unvt/VT/zxy/UniteStreetMapVector/12/2331/1865.pbf 404 64 - 0.388 ms"}
{"level":"info","message":"GET /unvt/VT/zxy/UniteStreetMapVector/12/2331/1866.pbf 404 64 - 0.406 ms"}
{"level":"info","message":"GET /unvt/VT/zxy/UniteStreetMapVector/12/2333/1866.pbf 404 64 - 0.425 ms"}
{"level":"info","message":"GET /unvt/VT/zxy/UniteStreetMapVector/13/4664/3729.pbf 404 64 - 0.413 ms"}
{"level":"info","message":"GET /unvt/VT/zxy/UniteStreetMapVector/13/4665/3729.pbf 404 64 - 0.373 ms"}
{"level":"info","message":"GET /unvt/VT/zxy/UniteStreetMapVector/13/4664/3730.pbf 404 64 - 0.414 ms"}
{"level":"info","message":"GET /unvt/VT/zxy/UniteStreetMapVector/13/4663/3729.pbf 404 64 - 0.381 ms"}
{"level":"info","message":"GET /unvt/VT/zxy/UniteStreetMapVector/13/4664/3731.pbf 404 64 - 0.416 ms"}
{"level":"info","message":"GET /unvt/VT/zxy/UniteStreetMapVector/13/4665/3731.pbf 404 64 - 0.712 ms"}
{"level":"info","message":"GET /unvt/VT/zxy/UniteStreetMapVector/13/4663/3731.pbf 404 64 - 0.459 ms"}
{"level":"info","message":"GET /unvt/VT/zxy/UniteStreetMapVector/13/4665/3730.pbf 404 64 - 0.433 ms"}
{"level":"info","message":"GET /unvt/VT/zxy/UniteStreetMapVector/13/4663/3730.pbf 404 64 - 0.442 ms"}
{"level":"info","message":"GET /unvt/VT/zxy/UniteStreetMapVector/14/9329/7460.pbf 404 64 - 0.436 ms"}
{"level":"info","message":"GET /unvt/VT/zxy/UniteStreetMapVector/14/9328/7459.pbf 404 64 - 0.377 ms"}
{"level":"info","message":"GET /unvt/VT/zxy/UniteStreetMapVector/14/9329/7459.pbf 404 64 - 0.318 ms"}
{"level":"info","message":"GET /unvt/VT/zxy/UniteStreetMapVector/14/9328/7460.pbf 404 64 - 0.396 ms"}
{"level":"info","message":"GET /unvt/VT/zxy/UniteStreetMapVector/14/9328/7461.pbf 404 64 - 0.431 ms"}
{"level":"info","message":"GET /unvt/VT/zxy/UniteStreetMapVector/14/9330/7460.pbf 404 64 - 0.405 ms"}
{"level":"info","message":"GET /unvt/VT/zxy/UniteStreetMapVector/14/9329/7461.pbf 404 64 - 0.425 ms"}
{"level":"info","message":"GET /unvt/VT/zxy/UniteStreetMapVector/14/9330/7459.pbf 404 64 - 0.406 ms"}
{"level":"info","message":"GET /unvt/VT/zxy/UniteStreetMapVector/14/9330/7461.pbf 404 64 - 0.429 ms"}
{"level":"info","message":"GET /unvt/VT/zxy/UniteStreetMapVector/15/18658/14920.pbf 404 66 - 0.448 ms"}
{"level":"info","message":"GET /unvt/VT/zxy/UniteStreetMapVector/15/18658/14921.pbf 404 66 - 0.504 ms"}
{"level":"info","message":"GET /unvt/VT/zxy/UniteStreetMapVector/15/18659/14920.pbf 404 66 - 0.347 ms"}
{"level":"info","message":"GET /unvt/VT/zxy/UniteStreetMapVector/15/18657/14920.pbf 404 66 - 0.412 ms"}
{"level":"info","message":"GET /unvt/VT/zxy/UniteStreetMapVector/15/18658/14919.pbf 404 66 - 0.297 ms"}
{"level":"info","message":"GET /unvt/VT/zxy/UniteStreetMapVector/15/18659/14921.pbf 404 66 - 0.316 ms"}
{"level":"info","message":"GET /unvt/VT/zxy/UniteStreetMapVector/15/18659/14919.pbf 404 66 - 0.423 ms"}
{"level":"info","message":"GET /unvt/VT/zxy/UniteStreetMapVector/15/18657/14921.pbf 404 66 - 0.460 ms"}
{"level":"info","message":"GET /unvt/VT/zxy/UniteStreetMapVector/15/18657/14919.pbf 404 66 - 0.456 ms"}
{"level":"info","message":"GET /unvt/VT/zxy/UniteStreetMapVector/15/18659/14919.pbf 404 66 - 0.535 ms"}
{"level":"info","message":"GET /unvt/VT/zxy/UniteStreetMapVector/15/18658/14919.pbf 404 66 - 0.419 ms"}
{"level":"info","message":"GET /unvt/VT/zxy/UniteStreetMapVector/15/18657/14919.pbf 404 66 - 0.475 ms"}
{"level":"info","message":"GET /unvt/VT/zxy/UniteStreetMapVector/14/9329/7460.pbf 404 64 - 0.977 ms"}
{"level":"info","message":"GET /unvt/VT/zxy/UniteStreetMapVector/14/9328/7460.pbf 404 64 - 0.805 ms"}
{"level":"info","message":"GET /unvt/VT/zxy/UniteStreetMapVector/14/9329/7459.pbf 404 64 - 0.446 ms"}
{"level":"info","message":"GET /unvt/VT/zxy/UniteStreetMapVector/14/9328/7459.pbf 404 64 - 0.402 ms"}
{"level":"info","message":"GET /unvt/VT/zxy/UniteStreetMapVector/14/9330/7460.pbf 404 64 - 0.469 ms"}
{"level":"info","message":"GET /unvt/VT/zxy/UniteStreetMapVector/14/9330/7459.pbf 404 64 - 0.436 ms"}
{"level":"info","message":"GET /unvt/VT/zxy/UniteStreetMapVector/14/9329/7461.pbf 404 64 - 0.372 ms"}
{"level":"info","message":"GET /unvt/VT/zxy/UniteStreetMapVector/14/9330/7461.pbf 404 64 - 0.416 ms"}
{"level":"info","message":"GET /unvt/VT/zxy/UniteStreetMapVector/14/9328/7461.pbf 404 64 - 0.406 ms"}
{"level":"info","message":"GET /unvt/VT/zxy/UniteStreetMapVector/13/4664/3730.pbf 404 64 - 0.426 ms"}
{"level":"info","message":"GET /unvt/VT/zxy/UniteStreetMapVector/13/4664/3729.pbf 404 64 - 0.356 ms"}
{"level":"info","message":"GET /unvt/VT/zxy/UniteStreetMapVector/13/4665/3729.pbf 404 64 - 0.359 ms"}
{"level":"info","message":"GET /unvt/VT/zxy/UniteStreetMapVector/13/4665/3730.pbf 404 64 - 0.362 ms"}
{"level":"info","message":"GET /unvt/VT/zxy/UniteStreetMapVector/15/18657/14919.pbf 404 66 - 0.470 ms"}
{"level":"info","message":"GET /unvt/map-l 200 1392 - 22.679 ms"}
{"level":"info","message":"GET /.well-known/appspecific/com.chrome.devtools.json 404 9 - 0.542 ms"}
{"level":"info","message":"GET /unvt/maplibre-gl@5.3.0/maplibre-gl.js 200 913906 - 1.243 ms"}
{"level":"info","message":"GET /unvt/maplibre-gl@5.3.0/maplibre-gl.css 200 69422 - 0.571 ms"}
{"level":"info","message":"GET /unvt/maplibre-gl@5.3.0/maplibre-gl.js.map 200 5294603 - 0.503 ms"}
{"level":"info","message":"GET /unvt/styles/style-std.json 200 208993 - 0.944 ms"}
{"level":"info","message":"GET /unvt/sprite-rev/sprite_S.json 200 13660 - 0.453 ms"}
{"level":"info","message":"GET /unvt/VT/zxy/UniteStreetMapVector/15/18658/14920.pbf 404 66 - 1.310 ms"}
{"level":"info","message":"GET /unvt/sprite-rev/sprite_S.png 200 24866 - 2.106 ms"}
{"level":"info","message":"GET /unvt/VT/zxy/UniteStreetMapVector/15/18659/14920.pbf 404 66 - 0.963 ms"}
{"level":"info","message":"GET /unvt/VT/zxy/UniteStreetMapVector/15/18658/14919.pbf 404 66 - 0.695 ms"}
{"level":"info","message":"GET /favicon.ico 404 9 - 0.322 ms"}
{"level":"info","message":"GET /unvt/VT/zxy/UniteStreetMapVector/15/18659/14919.pbf 404 66 - 0.679 ms"}
{"level":"info","message":"GET /unvt/VT/zxy/UniteStreetMapVector/15/18657/14920.pbf 404 66 - 0.518 ms"}
{"level":"info","message":"GET /unvt/VT/zxy/UniteStreetMapVector/15/18658/14921.pbf 404 66 - 0.553 ms"}
{"level":"info","message":"GET /unvt/VT/zxy/UniteStreetMapVector/15/18657/14919.pbf 404 66 - 0.576 ms"}
{"level":"info","message":"GET /unvt/VT/zxy/UniteStreetMapVector/15/18657/14921.pbf 404 66 - 0.663 ms"}
{"level":"info","message":"GET /unvt/VT/zxy/UniteStreetMapVector/15/18659/14921.pbf 404 66 - 0.661 ms"}
{"level":"info","message":"GET /unvt/VT/zxy/UniteStreetMapVector/9/291/233.pbf 404 61 - 0.728 ms"}
{"level":"info","message":"GET /unvt/VT/zxy/UniteStreetMapVector/9/291/232.pbf 404 61 - 0.693 ms"}
{"level":"info","message":"GET /unvt/VT/zxy/UniteStreetMapVector/9/290/232.pbf 404 61 - 0.456 ms"}
{"level":"info","message":"GET /unvt/VT/zxy/UniteStreetMapVector/9/290/233.pbf 404 61 - 0.581 ms"}
{"level":"info","message":"GET /unvt/VT/zxy/UniteStreetMapVector/9/291/234.pbf 404 61 - 0.561 ms"}
{"level":"info","message":"GET /unvt/VT/zxy/UniteStreetMapVector/9/290/234.pbf 404 61 - 0.572 ms"}
{"level":"info","message":"GET /unvt/VT/zxy/UniteStreetMapVector/9/289/233.pbf 404 61 - 0.515 ms"}
{"level":"info","message":"GET /unvt/VT/zxy/UniteStreetMapVector/9/289/232.pbf 404 61 - 0.537 ms"}
{"level":"info","message":"GET /unvt/VT/zxy/UniteStreetMapVector/9/289/234.pbf 404 61 - 0.482 ms"}
{"level":"info","message":"GET /unvt/VT/zxy/UniteStreetMapVector/9/292/233.pbf 404 61 - 0.479 ms"}
{"level":"info","message":"GET /unvt/VT/zxy/UniteStreetMapVector/9/292/232.pbf 404 61 - 0.537 ms"}
{"level":"info","message":"GET /unvt/VT/zxy/UniteStreetMapVector/9/292/234.pbf 404 61 - 0.657 ms"}
{"level":"info","message":"GET /unvt/VT/zxy/UniteStreetMapVector/8/144/116.pbf 404 61 - 0.556 ms"}
{"level":"info","message":"GET /unvt/VT/zxy/UniteStreetMapVector/8/145/116.pbf 404 61 - 0.472 ms"}
{"level":"info","message":"GET /unvt/VT/zxy/UniteStreetMapVector/8/145/117.pbf 404 61 - 0.540 ms"}
{"level":"info","message":"GET /unvt/VT/zxy/UniteStreetMapVector/8/146/116.pbf 404 61 - 0.569 ms"}
{"level":"info","message":"GET /unvt/VT/zxy/UniteStreetMapVector/8/144/117.pbf 404 61 - 0.457 ms"}
{"level":"info","message":"GET /unvt/VT/zxy/UniteStreetMapVector/8/146/117.pbf 404 61 - 0.486 ms"}
{"level":"info","message":"GET /unvt/VT/zxy/UniteStreetMapVector/8/144/115.pbf 404 61 - 0.571 ms"}
{"level":"info","message":"GET /unvt/VT/zxy/UniteStreetMapVector/8/145/115.pbf 404 61 - 0.507 ms"}
{"level":"info","message":"GET /unvt/VT/zxy/UniteStreetMapVector/8/146/115.pbf 404 61 - 0.445 ms"}
{"level":"info","message":"GET /unvt/VT/zxy/UniteStreetMapVector/7/73/58.pbf 404 59 - 0.564 ms"}
{"level":"info","message":"GET /unvt/VT/zxy/UniteStreetMapVector/7/72/58.pbf 404 59 - 0.584 ms"}
{"level":"info","message":"GET /unvt/VT/zxy/UniteStreetMapVector/7/72/57.pbf 404 59 - 0.602 ms"}
{"level":"info","message":"GET /unvt/VT/zxy/UniteStreetMapVector/7/71/58.pbf 404 59 - 0.584 ms"}
{"level":"info","message":"GET /unvt/VT/zxy/UniteStreetMapVector/7/73/57.pbf 404 59 - 0.382 ms"}
{"level":"info","message":"GET /unvt/VT/zxy/UniteStreetMapVector/7/71/57.pbf 404 59 - 0.428 ms"}
{"level":"info","message":"GET /unvt/VT/zxy/UniteStreetMapVector/7/71/59.pbf 404 59 - 0.506 ms"}
{"level":"info","message":"GET /unvt/VT/zxy/UniteStreetMapVector/7/73/59.pbf 404 59 - 0.444 ms"}
{"level":"info","message":"GET /unvt/VT/zxy/UniteStreetMapVector/7/72/59.pbf 404 59 - 0.473 ms"}
{"level":"info","message":"GET /unvt/VT/zxy/UniteStreetMapVector/6/36/29.pbf 404 59 - 0.567 ms"}
{"level":"info","message":"GET /unvt/VT/zxy/UniteStreetMapVector/6/35/29.pbf 404 59 - 0.470 ms"}
{"level":"info","message":"GET /unvt/VT/zxy/UniteStreetMapVector/6/36/28.pbf 404 59 - 0.432 ms"}
{"level":"info","message":"GET /unvt/VT/zxy/UniteStreetMapVector/6/35/28.pbf 404 59 - 0.367 ms"}
{"level":"info","message":"GET /unvt/VT/zxy/UniteStreetMapVector/6/35/30.pbf 404 59 - 0.592 ms"}
{"level":"info","message":"GET /unvt/VT/zxy/UniteStreetMapVector/6/36/30.pbf 404 59 - 0.499 ms"}
{"level":"info","message":"GET /unvt/VT/zxy/UniteStreetMapVector/6/34/28.pbf 404 59 - 0.585 ms"}
{"level":"info","message":"GET /unvt/VT/zxy/UniteStreetMapVector/6/34/29.pbf 404 59 - 0.384 ms"}
{"level":"info","message":"GET /unvt/VT/zxy/UniteStreetMapVector/6/34/30.pbf 404 59 - 0.501 ms"}
{"level":"info","message":"GET /unvt/VT/zxy/UniteStreetMapVector/5/17/14.pbf 404 59 - 0.616 ms"}
{"level":"info","message":"GET /unvt/VT/zxy/UniteStreetMapVector/5/18/14.pbf 404 59 - 0.587 ms"}
{"level":"info","message":"GET /unvt/VT/zxy/UniteStreetMapVector/5/17/15.pbf 404 59 - 0.567 ms"}
{"level":"info","message":"GET /unvt/VT/zxy/UniteStreetMapVector/5/18/15.pbf 404 59 - 0.526 ms"}
{"level":"info","message":"GET /unvt/VT/zxy/UniteStreetMapVector/5/18/13.pbf 404 59 - 0.557 ms"}
{"level":"info","message":"GET /unvt/VT/zxy/UniteStreetMapVector/5/17/13.pbf 404 59 - 0.391 ms"}
{"level":"info","message":"GET /unvt/VT/zxy/UniteStreetMapVector/5/16/14.pbf 404 59 - 0.571 ms"}
{"level":"info","message":"GET /unvt/VT/zxy/UniteStreetMapVector/5/16/15.pbf 404 59 - 0.641 ms"}
{"level":"info","message":"GET /unvt/VT/zxy/UniteStreetMapVector/5/16/13.pbf 404 59 - 0.508 ms"}
{"level":"info","message":"GET /unvt/VT/zxy/UniteStreetMapVector/4/9/7.pbf 404 57 - 0.587 ms"}
{"level":"info","message":"GET /unvt/VT/zxy/UniteStreetMapVector/4/9/6.pbf 404 57 - 0.453 ms"}
{"level":"info","message":"GET /unvt/VT/zxy/UniteStreetMapVector/4/8/7.pbf 404 57 - 0.429 ms"}
{"level":"info","message":"GET /unvt/VT/zxy/UniteStreetMapVector/4/8/6.pbf 404 57 - 0.473 ms"}
{"level":"info","message":"GET /unvt/VT/zxy/UniteStreetMapVector/4/7/7.pbf 404 57 - 0.586 ms"}
{"level":"info","message":"GET /unvt/VT/zxy/UniteStreetMapVector/4/9/8.pbf 404 57 - 0.362 ms"}
{"level":"info","message":"GET /unvt/VT/zxy/UniteStreetMapVector/4/7/6.pbf 404 57 - 0.860 ms"}
{"level":"info","message":"GET /unvt/VT/zxy/UniteStreetMapVector/4/8/8.pbf 404 57 - 0.671 ms"}
{"level":"info","message":"GET /unvt/VT/zxy/UniteStreetMapVector/1/1/1.pbf 404 57 - 0.547 ms"}
{"level":"info","message":"GET /unvt/VT/zxy/UniteStreetMapVector/1/0/0.pbf 404 57 - 0.516 ms"}
{"level":"info","message":"GET /unvt/VT/zxy/UniteStreetMapVector/1/1/0.pbf 404 57 - 0.490 ms"}
{"level":"info","message":"GET /unvt/VT/zxy/UniteStreetMapVector/1/0/1.pbf 404 57 - 0.596 ms"}
{"level":"info","message":"GET /unvt/VT/zxy/UniteStreetMapVector/1/1/0.pbf 404 57 - 0.676 ms"}
{"level":"info","message":"GET /unvt/VT/zxy/UniteStreetMapVector/1/1/1.pbf 404 57 - 0.493 ms"}
{"level":"info","message":"GET /unvt/VT/zxy/UniteStreetMapVector/2/1/1.pbf 404 57 - 0.719 ms"}
{"level":"info","message":"GET /unvt/VT/zxy/UniteStreetMapVector/2/0/1.pbf 404 57 - 0.619 ms"}
{"level":"info","message":"GET /unvt/VT/zxy/UniteStreetMapVector/2/1/2.pbf 404 57 - 0.503 ms"}
{"level":"info","message":"GET /unvt/VT/zxy/UniteStreetMapVector/2/2/1.pbf 404 57 - 0.396 ms"}
{"level":"info","message":"GET /unvt/VT/zxy/UniteStreetMapVector/2/2/2.pbf 404 57 - 0.535 ms"}
{"level":"info","message":"GET /unvt/VT/zxy/UniteStreetMapVector/2/0/2.pbf 404 57 - 0.538 ms"}
{"level":"info","message":"GET /unvt/VT/zxy/UniteStreetMapVector/2/1/0.pbf 404 57 - 0.438 ms"}
{"level":"info","message":"GET /unvt/VT/zxy/UniteStreetMapVector/2/2/0.pbf 404 57 - 0.601 ms"}
{"level":"info","message":"GET /unvt/VT/zxy/UniteStreetMapVector/2/0/0.pbf 404 57 - 0.567 ms"}
{"level":"info","message":"GET /unvt/VT/zxy/UniteStreetMapVector/3/4/3.pbf 404 57 - 0.639 ms"}
{"level":"info","message":"GET /unvt/VT/zxy/UniteStreetMapVector/3/3/3.pbf 404 57 - 0.703 ms"}
{"level":"info","message":"GET /unvt/VT/zxy/UniteStreetMapVector/3/3/2.pbf 404 57 - 0.679 ms"}
{"level":"info","message":"GET /unvt/VT/zxy/UniteStreetMapVector/3/3/4.pbf 404 57 - 0.746 ms"}
{"level":"info","message":"GET /unvt/VT/zxy/UniteStreetMapVector/3/2/3.pbf 404 57 - 0.561 ms"}
{"level":"info","message":"GET /unvt/VT/zxy/UniteStreetMapVector/3/4/2.pbf 404 57 - 0.512 ms"}
{"level":"info","message":"GET /unvt/VT/zxy/UniteStreetMapVector/3/2/2.pbf 404 57 - 0.565 ms"}
{"level":"info","message":"GET /unvt/VT/zxy/UniteStreetMapVector/3/4/4.pbf 404 57 - 0.672 ms"}
{"level":"info","message":"GET /unvt/VT/zxy/UniteStreetMapVector/3/2/4.pbf 404 57 - 0.522 ms"}
{"level":"info","message":"GET /unvt/map-l 200 1392 - 21.684 ms"}
{"level":"info","message":"GET /.well-known/appspecific/com.chrome.devtools.json 404 9 - 0.647 ms"}
{"level":"info","message":"GET /unvt/maplibre-gl@5.3.0/maplibre-gl.css 200 69422 - 1.259 ms"}
{"level":"info","message":"GET /unvt/maplibre-gl@5.3.0/maplibre-gl.js 200 913906 - 0.409 ms"}
{"level":"info","message":"GET /unvt/maplibre-gl@5.3.0/maplibre-gl.js.map 200 5294603 - 0.496 ms"}
{"level":"info","message":"GET /unvt/styles/style-std.json 200 208993 - 0.495 ms"}
{"level":"info","message":"GET /unvt/sprite-rev/sprite_S.png 200 24866 - 0.824 ms"}
{"level":"info","message":"GET /unvt/sprite-rev/sprite_S.json 200 13660 - 0.682 ms"}
{"level":"info","message":"GET /unvt/VT/zxy/UniteStreetMapVector/3/3/3.pbf 200 479692 - 6.657 ms"}
{"level":"info","message":"GET /unvt/VT/zxy/UniteStreetMapVector/3/4/3.pbf 200 505379 - 10.093 ms"}
{"level":"info","message":"GET /unvt/VT/zxy/UniteStreetMapVector/3/2/3.pbf 200 234719 - 2.685 ms"}
{"level":"info","message":"GET /unvt/VT/zxy/UniteStreetMapVector/3/4/2.pbf 200 464126 - 1.728 ms"}
{"level":"info","message":"GET /unvt/VT/zxy/UniteStreetMapVector/3/4/4.pbf 200 317365 - 2.770 ms"}
{"level":"info","message":"GET /unvt/VT/zxy/UniteStreetMapVector/3/2/2.pbf 200 180762 - 1.113 ms"}
{"level":"info","message":"GET /unvt/VT/zxy/UniteStreetMapVector/3/3/4.pbf 200 319388 - 1.346 ms"}
{"level":"info","message":"GET /unvt/VT/zxy/UniteStreetMapVector/3/2/4.pbf 200 196100 - 2.791 ms"}
{"level":"info","message":"GET /unvt/VT/zxy/UniteStreetMapVector/3/3/2.pbf 200 380204 - 2.580 ms"}
{"level":"info","message":"GET /unvt/VT/zxy/UniteStreetMapVector/2/2/2.pbf 200 607264 - 7.361 ms"}
{"level":"info","message":"GET /unvt/VT/zxy/UniteStreetMapVector/2/1/1.pbf 200 527240 - 6.937 ms"}
{"level":"info","message":"GET /unvt/VT/zxy/UniteStreetMapVector/2/1/2.pbf 200 516707 - 7.071 ms"}
{"level":"info","message":"GET /unvt/VT/zxy/UniteStreetMapVector/2/2/1.pbf 200 641674 - 8.471 ms"}
{"level":"info","message":"GET /unvt/VT/zxy/UniteStreetMapVector/2/1/0.pbf 200 439227 - 1.050 ms"}
{"level":"info","message":"GET /unvt/VT/zxy/UniteStreetMapVector/2/2/0.pbf 200 495738 - 1.027 ms"}
{"level":"info","message":"GET /unvt/VT/zxy/UniteStreetMapVector/2/0/2.pbf 200 283161 - 2.176 ms"}
{"level":"info","message":"GET /unvt/VT/zxy/UniteStreetMapVector/2/0/1.pbf 200 298376 - 2.238 ms"}
{"level":"info","message":"GET /unvt/VT/zxy/UniteStreetMapVector/2/0/0.pbf 200 210628 - 0.878 ms"}
{"level":"info","message":"GET /unvt/VT/zxy/UniteStreetMapVector/1/0/0.pbf 200 104950 - 1.785 ms"}
{"level":"info","message":"GET /unvt/VT/zxy/UniteStreetMapVector/1/0/1.pbf 200 99443 - 1.515 ms"}
{"level":"info","message":"GET /unvt/VT/zxy/UniteStreetMapVector/1/1/0.pbf 200 121559 - 1.028 ms"}
{"level":"info","message":"GET /unvt/VT/zxy/UniteStreetMapVector/1/1/1.pbf 200 101310 - 0.835 ms"}
{"level":"info","message":"GET /unvt/VT/zxy/UniteStreetMapVector/1/1/0.pbf 200 121559 - 0.721 ms"}
{"level":"info","message":"GET /unvt/VT/zxy/UniteStreetMapVector/1/1/1.pbf 200 101310 - 0.743 ms"}
{"level":"info","message":"GET /unvt/VT/zxy/UniteStreetMapVector/2/1/1.pbf 200 527240 - 1.080 ms"}
{"level":"info","message":"GET /unvt/VT/zxy/UniteStreetMapVector/2/0/1.pbf 200 298376 - 1.105 ms"}
{"level":"info","message":"GET /unvt/VT/zxy/UniteStreetMapVector/2/1/2.pbf 200 516707 - 1.340 ms"}
{"level":"info","message":"GET /unvt/VT/zxy/UniteStreetMapVector/2/0/2.pbf 200 283161 - 0.806 ms"}
{"level":"info","message":"GET /unvt/VT/zxy/UniteStreetMapVector/2/2/2.pbf 200 607264 - 1.491 ms"}
{"level":"info","message":"GET /unvt/VT/zxy/UniteStreetMapVector/2/2/1.pbf 200 641674 - 2.011 ms"}
{"level":"info","message":"GET /unvt/VT/zxy/UniteStreetMapVector/2/1/0.pbf 200 439227 - 1.990 ms"}
{"level":"info","message":"GET /unvt/VT/zxy/UniteStreetMapVector/2/2/0.pbf 200 495738 - 1.329 ms"}
{"level":"info","message":"GET /unvt/VT/zxy/UniteStreetMapVector/2/0/0.pbf 200 210628 - 1.171 ms"}
{"level":"info","message":"GET /unvt/VT/zxy/UniteStreetMapVector/3/3/1.pbf 200 175319 - 0.855 ms"}
{"level":"info","message":"GET /unvt/VT/zxy/UniteStreetMapVector/3/2/1.pbf 200 62336 - 0.856 ms"}
{"level":"info","message":"GET /unvt/VT/zxy/UniteStreetMapVector/3/4/1.pbf 200 194801 - 1.168 ms"}
{"level":"info","message":"GET /unvt/VT/zxy/UniteStreetMapVector/4/6/5.pbf 200 39712 - 2.610 ms"}
{"level":"info","message":"GET /unvt/VT/zxy/UniteStreetMapVector/4/6/4.pbf 200 26845 - 1.760 ms"}
{"level":"info","message":"GET /unvt/VT/zxy/UniteStreetMapVector/4/5/4.pbf 200 43245 - 1.535 ms"}
{"level":"info","message":"GET /unvt/VT/zxy/UniteStreetMapVector/4/5/5.pbf 200 68949 - 1.547 ms"}
{"level":"info","message":"GET /unvt/VT/zxy/UniteStreetMapVector/4/7/4.pbf 200 107015 - 1.616 ms"}
{"level":"info","message":"GET /unvt/VT/zxy/UniteStreetMapVector/4/7/5.pbf 200 158853 - 1.577 ms"}
{"level":"info","message":"GET /unvt/VT/zxy/UniteStreetMapVector/4/6/3.pbf 200 10819 - 0.695 ms"}
{"level":"info","message":"GET /unvt/VT/zxy/UniteStreetMapVector/4/5/3.pbf 200 13311 - 0.556 ms"}
{"level":"info","message":"GET /unvt/VT/zxy/UniteStreetMapVector/4/6/3.pbf 200 10819 - 0.934 ms"}
{"level":"info","message":"GET /unvt/VT/zxy/UniteStreetMapVector/4/7/3.pbf 200 11565 - 0.726 ms"}
{"level":"info","message":"GET /unvt/VT/zxy/UniteStreetMapVector/5/12/8.pbf 200 11823 - 1.833 ms"}
{"level":"info","message":"GET /unvt/VT/zxy/UniteStreetMapVector/5/11/8.pbf 200 13249 - 1.895 ms"}
{"level":"info","message":"GET /unvt/VT/zxy/UniteStreetMapVector/5/12/7.pbf 200 6546 - 0.993 ms"}
{"level":"info","message":"GET /unvt/VT/zxy/UniteStreetMapVector/5/11/7.pbf 200 12393 - 1.334 ms"}
{"level":"info","message":"GET /unvt/VT/zxy/UniteStreetMapVector/5/12/9.pbf 200 6771 - 1.244 ms"}
{"level":"info","message":"GET /unvt/VT/zxy/UniteStreetMapVector/4/5/3.pbf 200 13311 - 0.606 ms"}
{"level":"info","message":"GET /unvt/VT/zxy/UniteStreetMapVector/5/13/8.pbf 200 9227 - 0.860 ms"}
{"level":"info","message":"GET /unvt/VT/zxy/UniteStreetMapVector/5/13/7.pbf 200 16901 - 1.191 ms"}
{"level":"info","message":"GET /unvt/VT/zxy/UniteStreetMapVector/5/13/9.pbf 200 5700 - 0.903 ms"}
{"level":"info","message":"GET /unvt/VT/zxy/UniteStreetMapVector/6/24/17.pbf 200 13466 - 1.876 ms"}
{"level":"info","message":"GET /unvt/VT/zxy/UniteStreetMapVector/6/24/16.pbf 200 7047 - 1.686 ms"}
{"level":"info","message":"GET /unvt/VT/zxy/UniteStreetMapVector/6/25/16.pbf 200 11119 - 2.302 ms"}
{"level":"info","message":"GET /unvt/VT/zxy/UniteStreetMapVector/6/23/16.pbf 200 5848 - 2.026 ms"}
{"level":"info","message":"GET /unvt/VT/zxy/UniteStreetMapVector/5/11/9.pbf 200 13293 - 1.572 ms"}
{"level":"info","message":"GET /unvt/VT/zxy/UniteStreetMapVector/6/23/17.pbf 200 12764 - 1.901 ms"}
{"level":"info","message":"GET /unvt/VT/zxy/UniteStreetMapVector/6/25/15.pbf 200 4191 - 1.772 ms"}
{"level":"info","message":"GET /unvt/VT/zxy/UniteStreetMapVector/6/25/17.pbf 200 675 - 1.401 ms"}
{"level":"info","message":"GET /unvt/VT/zxy/UniteStreetMapVector/6/23/16.pbf 200 5848 - 1.418 ms"}
{"level":"info","message":"GET /unvt/VT/zxy/UniteStreetMapVector/6/24/15.pbf 200 771 - 1.212 ms"}
{"level":"info","message":"GET /unvt/VT/zxy/UniteStreetMapVector/6/23/15.pbf 200 5509 - 1.038 ms"}
{"level":"info","message":"GET /unvt/VT/zxy/UniteStreetMapVector/6/24/15.pbf 200 771 - 0.631 ms"}
{"level":"info","message":"GET /unvt/VT/zxy/UniteStreetMapVector/6/23/17.pbf 200 12764 - 1.349 ms"}
{"level":"info","message":"GET /unvt/VT/zxy/UniteStreetMapVector/6/25/15.pbf 200 4191 - 1.193 ms"}
{"level":"info","message":"GET /unvt/VT/zxy/UniteStreetMapVector/6/23/15.pbf 200 5509 - 0.976 ms"}
{"level":"info","message":"GET /unvt/VT/zxy/UniteStreetMapVector/5/12/7.pbf 200 6546 - 1.125 ms"}
{"level":"info","message":"GET /unvt/VT/zxy/UniteStreetMapVector/5/11/8.pbf 200 13249 - 1.461 ms"}
{"level":"info","message":"GET /unvt/VT/zxy/UniteStreetMapVector/5/12/8.pbf 200 11823 - 0.821 ms"}
{"level":"info","message":"GET /unvt/VT/zxy/UniteStreetMapVector/5/11/7.pbf 200 12393 - 0.733 ms"}
{"level":"info","message":"GET /unvt/VT/zxy/UniteStreetMapVector/5/11/9.pbf 200 13293 - 0.619 ms"}
{"level":"info","message":"GET /unvt/VT/zxy/UniteStreetMapVector/5/13/8.pbf 200 9227 - 1.552 ms"}
{"level":"info","message":"GET /unvt/VT/zxy/UniteStreetMapVector/5/13/7.pbf 200 16901 - 0.981 ms"}
{"level":"info","message":"GET /unvt/VT/zxy/UniteStreetMapVector/5/12/9.pbf 200 6771 - 0.775 ms"}
{"level":"info","message":"GET /unvt/VT/zxy/UniteStreetMapVector/5/10/9.pbf 200 25560 - 2.055 ms"}
{"level":"info","message":"GET /unvt/VT/zxy/UniteStreetMapVector/5/10/7.pbf 200 13773 - 2.323 ms"}
{"level":"info","message":"GET /unvt/VT/zxy/UniteStreetMapVector/4/6/4.pbf 200 26845 - 0.673 ms"}
{"level":"info","message":"GET /unvt/VT/zxy/UniteStreetMapVector/4/5/4.pbf 200 43245 - 0.569 ms"}
{"level":"info","message":"GET /unvt/VT/zxy/UniteStreetMapVector/4/6/3.pbf 200 10819 - 0.567 ms"}
{"level":"info","message":"GET /unvt/VT/zxy/UniteStreetMapVector/5/10/8.pbf 200 22827 - 0.601 ms"}
{"level":"info","message":"GET /unvt/VT/zxy/UniteStreetMapVector/4/5/3.pbf 200 13311 - 0.991 ms"}
{"level":"info","message":"GET /unvt/VT/zxy/UniteStreetMapVector/5/13/9.pbf 200 5700 - 0.881 ms"}
{"level":"info","message":"GET /unvt/VT/zxy/UniteStreetMapVector/4/7/3.pbf 200 11565 - 1.046 ms"}
{"level":"info","message":"GET /unvt/VT/zxy/UniteStreetMapVector/4/7/4.pbf 200 107015 - 1.160 ms"}
{"level":"info","message":"GET /unvt/VT/zxy/UniteStreetMapVector/4/7/5.pbf 200 158853 - 1.497 ms"}
{"level":"info","message":"GET /unvt/VT/zxy/UniteStreetMapVector/4/5/5.pbf 200 68949 - 1.546 ms"}
{"level":"info","message":"GET /unvt/VT/zxy/UniteStreetMapVector/4/6/5.pbf 200 39712 - 1.334 ms"}
{"level":"info","message":"GET /unvt/VT/zxy/UniteStreetMapVector/3/2/1.pbf 200 62336 - 1.052 ms"}
{"level":"info","message":"GET /unvt/VT/zxy/UniteStreetMapVector/3/3/1.pbf 200 175319 - 0.910 ms"}
{"level":"info","message":"GET /unvt/VT/zxy/UniteStreetMapVector/3/4/1.pbf 200 194801 - 1.867 ms"}
{"level":"info","message":"GET /unvt/VT/zxy/UniteStreetMapVector/3/1/3.pbf 200 193662 - 2.421 ms"}
{"level":"info","message":"GET /unvt/VT/zxy/UniteStreetMapVector/3/1/1.pbf 200 56471 - 2.422 ms"}
{"level":"info","message":"GET /unvt/VT/zxy/UniteStreetMapVector/3/1/2.pbf 200 149402 - 2.090 ms"}
{"level":"info","message":"GET /unvt/VT/zxy/UniteStreetMapVector/2/1/1.pbf 200 527240 - 0.946 ms"}
{"level":"info","message":"GET /unvt/VT/zxy/UniteStreetMapVector/2/1/0.pbf 200 439227 - 1.052 ms"}
{"level":"info","message":"GET /unvt/VT/zxy/UniteStreetMapVector/2/2/1.pbf 200 641674 - 1.158 ms"}
{"level":"info","message":"GET /unvt/VT/zxy/UniteStreetMapVector/2/2/0.pbf 200 495738 - 1.166 ms"}
{"level":"info","message":"GET /unvt/VT/zxy/UniteStreetMapVector/2/1/2.pbf 200 516707 - 1.038 ms"}
{"level":"info","message":"GET /unvt/VT/zxy/UniteStreetMapVector/2/0/2.pbf 200 283161 - 1.022 ms"}
{"level":"info","message":"GET /unvt/VT/zxy/UniteStreetMapVector/2/2/2.pbf 200 607264 - 1.313 ms"}
{"level":"info","message":"GET /unvt/VT/zxy/UniteStreetMapVector/2/0/0.pbf 200 210628 - 1.425 ms"}
{"level":"info","message":"GET /unvt/VT/zxy/UniteStreetMapVector/2/0/1.pbf 200 298376 - 0.735 ms"}
{"level":"info","message":"GET /unvt/VT/zxy/UniteStreetMapVector/2/3/0.pbf 200 458536 - 1.866 ms"}
{"level":"info","message":"GET /unvt/VT/zxy/UniteStreetMapVector/2/3/1.pbf 200 541474 - 0.899 ms"}
{"level":"info","message":"GET /unvt/VT/zxy/UniteStreetMapVector/3/5/1.pbf 200 207268 - 0.809 ms"}
{"level":"info","message":"GET /unvt/VT/zxy/UniteStreetMapVector/3/5/2.pbf 200 523839 - 0.953 ms"}
{"level":"info","message":"GET /unvt/VT/zxy/UniteStreetMapVector/3/6/1.pbf 200 75225 - 1.625 ms"}
{"level":"info","message":"GET /unvt/VT/zxy/UniteStreetMapVector/3/5/0.pbf 200 9071 - 0.559 ms"}
{"level":"info","message":"GET /unvt/VT/zxy/UniteStreetMapVector/3/6/2.pbf 200 277069 - 1.433 ms"}
{"level":"info","message":"GET /unvt/VT/zxy/UniteStreetMapVector/3/4/0.pbf 200 7132 - 0.572 ms"}
{"level":"info","message":"GET /unvt/VT/zxy/UniteStreetMapVector/3/6/0.pbf 200 6610 - 0.918 ms"}
{"level":"info","message":"GET /unvt/VT/zxy/UniteStreetMapVector/4/10/3.pbf 200 35940 - 1.417 ms"}
{"level":"info","message":"GET /unvt/VT/zxy/UniteStreetMapVector/4/10/2.pbf 200 6554 - 0.683 ms"}
{"level":"info","message":"GET /unvt/VT/zxy/UniteStreetMapVector/4/11/3.pbf 200 25544 - 1.838 ms"}
{"level":"info","message":"GET /unvt/VT/zxy/UniteStreetMapVector/4/9/3.pbf 200 42313 - 1.623 ms"}
{"level":"info","message":"GET /unvt/VT/zxy/UniteStreetMapVector/4/10/4.pbf 200 141074 - 1.335 ms"}
{"level":"info","message":"GET /unvt/VT/zxy/UniteStreetMapVector/4/11/2.pbf 200 6920 - 0.992 ms"}
{"level":"info","message":"GET /unvt/VT/zxy/UniteStreetMapVector/4/11/4.pbf 200 76467 - 1.397 ms"}
{"level":"info","message":"GET /unvt/VT/zxy/UniteStreetMapVector/4/9/4.pbf 200 216925 - 1.168 ms"}
{"level":"info","message":"GET /unvt/VT/zxy/UniteStreetMapVector/4/9/2.pbf 200 4680 - 0.594 ms"}
{"level":"info","message":"GET /unvt/VT/zxy/UniteStreetMapVector/5/21/5.pbf 200 4297 - 1.459 ms"}
{"level":"info","message":"GET /unvt/VT/zxy/UniteStreetMapVector/5/21/6.pbf 200 6587 - 1.111 ms"}
{"level":"info","message":"GET /unvt/VT/zxy/UniteStreetMapVector/5/20/5.pbf 200 886 - 1.100 ms"}
{"level":"info","message":"GET /unvt/VT/zxy/UniteStreetMapVector/5/20/6.pbf 200 8295 - 1.399 ms"}
{"level":"info","message":"GET /unvt/VT/zxy/UniteStreetMapVector/5/22/5.pbf 200 2031 - 1.236 ms"}
{"level":"info","message":"GET /unvt/VT/zxy/UniteStreetMapVector/5/21/4.pbf 200 621 - 0.587 ms"}
{"level":"info","message":"GET /unvt/VT/zxy/UniteStreetMapVector/6/42/11.pbf 200 5807 - 1.472 ms"}
{"level":"info","message":"GET /unvt/VT/zxy/UniteStreetMapVector/5/22/6.pbf 200 8218 - 0.772 ms"}
{"level":"info","message":"GET /unvt/VT/zxy/UniteStreetMapVector/6/43/11.pbf 200 582 - 0.664 ms"}
{"level":"info","message":"GET /unvt/VT/zxy/UniteStreetMapVector/6/42/10.pbf 200 2679 - 1.160 ms"}
{"level":"info","message":"GET /unvt/VT/zxy/UniteStreetMapVector/5/20/4.pbf 200 78 - 0.688 ms"}
{"level":"info","message":"GET /unvt/VT/zxy/UniteStreetMapVector/5/22/4.pbf 200 667 - 0.527 ms"}
{"level":"info","message":"GET /unvt/VT/zxy/UniteStreetMapVector/6/43/10.pbf 200 3376 - 0.731 ms"}
{"level":"info","message":"GET /unvt/VT/zxy/UniteStreetMapVector/6/42/12.pbf 200 1890 - 1.172 ms"}
{"level":"info","message":"GET /unvt/VT/zxy/UniteStreetMapVector/6/41/11.pbf 200 2348 - 0.650 ms"}
{"level":"info","message":"GET /unvt/VT/zxy/UniteStreetMapVector/6/43/12.pbf 200 78 - 0.546 ms"}
{"level":"info","message":"GET /unvt/VT/zxy/UniteStreetMapVector/6/41/10.pbf 200 181 - 0.549 ms"}
{"level":"info","message":"GET /unvt/VT/zxy/UniteStreetMapVector/6/41/12.pbf 200 5990 - 1.272 ms"}
{"level":"info","message":"GET /unvt/VT/zxy/UniteStreetMapVector/7/85/22.pbf 200 2673 - 1.362 ms"}
{"level":"info","message":"GET /unvt/VT/zxy/UniteStreetMapVector/7/85/21.pbf 200 3439 - 0.501 ms"}
{"level":"info","message":"GET /unvt/VT/zxy/UniteStreetMapVector/7/86/22.pbf 200 730 - 1.354 ms"}
{"level":"info","message":"GET /unvt/VT/zxy/UniteStreetMapVector/7/86/21.pbf 200 2604 - 0.517 ms"}
{"level":"info","message":"GET /unvt/VT/zxy/UniteStreetMapVector/7/84/22.pbf 200 4734 - 1.352 ms"}
{"level":"info","message":"GET /unvt/VT/zxy/UniteStreetMapVector/7/84/21.pbf 200 1881 - 0.564 ms"}
{"level":"info","message":"GET /unvt/VT/zxy/UniteStreetMapVector/8/171/44.pbf 200 2835 - 1.628 ms"}
{"level":"info","message":"GET /unvt/VT/zxy/UniteStreetMapVector/8/170/43.pbf 200 2201 - 0.788 ms"}
{"level":"info","message":"GET /unvt/VT/zxy/UniteStreetMapVector/8/171/42.pbf 200 1973 - 1.086 ms"}
{"level":"info","message":"GET /unvt/VT/zxy/UniteStreetMapVector/8/170/44.pbf 200 1674 - 0.603 ms"}
{"level":"info","message":"GET /unvt/VT/zxy/UniteStreetMapVector/8/172/44.pbf 200 877 - 1.181 ms"}
{"level":"info","message":"GET /unvt/VT/zxy/UniteStreetMapVector/8/170/42.pbf 200 3044 - 0.599 ms"}
{"level":"info","message":"GET /unvt/VT/zxy/UniteStreetMapVector/8/171/43.pbf 200 1653 - 0.471 ms"}
{"level":"info","message":"GET /unvt/VT/zxy/UniteStreetMapVector/8/172/42.pbf 200 853 - 0.467 ms"}
{"level":"info","message":"GET /unvt/VT/zxy/UniteStreetMapVector/8/172/43.pbf 200 1051 - 0.472 ms"}
{"level":"info","message":"GET /unvt/VT/zxy/UniteStreetMapVector/7/85/21.pbf 200 3439 - 0.635 ms"}
{"level":"info","message":"GET /unvt/VT/zxy/UniteStreetMapVector/7/86/22.pbf 200 730 - 0.785 ms"}
{"level":"info","message":"GET /unvt/VT/zxy/UniteStreetMapVector/7/85/22.pbf 200 2673 - 0.671 ms"}
{"level":"info","message":"GET /unvt/VT/zxy/UniteStreetMapVector/7/86/21.pbf 200 2604 - 0.554 ms"}
{"level":"info","message":"GET /unvt/VT/zxy/UniteStreetMapVector/7/84/21.pbf 200 1881 - 0.647 ms"}
{"level":"info","message":"GET /unvt/VT/zxy/UniteStreetMapVector/7/84/22.pbf 200 4734 - 0.539 ms"}
{"level":"info","message":"GET /unvt/VT/zxy/UniteStreetMapVector/7/85/23.pbf 200 1717 - 2.184 ms"}
{"level":"info","message":"GET /unvt/VT/zxy/UniteStreetMapVector/7/86/23.pbf 200 78 - 1.833 ms"}
{"level":"info","message":"GET /unvt/VT/zxy/UniteStreetMapVector/7/84/23.pbf 200 7785 - 1.146 ms"}
{"level":"info","message":"GET /unvt/VT/zxy/UniteStreetMapVector/6/42/11.pbf 200 5807 - 0.559 ms"}
{"level":"info","message":"GET /unvt/VT/zxy/UniteStreetMapVector/6/42/10.pbf 200 2679 - 1.127 ms"}
{"level":"info","message":"GET /unvt/VT/zxy/UniteStreetMapVector/6/43/11.pbf 200 582 - 0.925 ms"}
{"level":"info","message":"GET /unvt/VT/zxy/UniteStreetMapVector/6/43/10.pbf 200 3376 - 0.520 ms"}
{"level":"info","message":"GET /unvt/VT/zxy/UniteStreetMapVector/6/41/11.pbf 200 2348 - 0.454 ms"}
{"level":"info","message":"GET /unvt/VT/zxy/UniteStreetMapVector/6/41/10.pbf 200 181 - 0.411 ms"}
{"level":"info","message":"GET /unvt/VT/zxy/UniteStreetMapVector/6/42/12.pbf 200 1890 - 0.408 ms"}
{"level":"info","message":"GET /unvt/VT/zxy/UniteStreetMapVector/6/43/12.pbf 200 78 - 0.554 ms"}
{"level":"info","message":"GET /unvt/VT/zxy/UniteStreetMapVector/6/41/12.pbf 200 5990 - 0.617 ms"}
{"level":"info","message":"GET /unvt/VT/zxy/UniteStreetMapVector/5/20/5.pbf 200 886 - 0.482 ms"}
{"level":"info","message":"GET /unvt/VT/zxy/UniteStreetMapVector/5/21/6.pbf 200 6587 - 0.446 ms"}
{"level":"info","message":"GET /unvt/VT/zxy/UniteStreetMapVector/5/20/6.pbf 200 8295 - 1.059 ms"}
{"level":"info","message":"GET /unvt/VT/zxy/UniteStreetMapVector/5/21/4.pbf 200 621 - 0.608 ms"}
{"level":"info","message":"GET /unvt/VT/zxy/UniteStreetMapVector/5/22/5.pbf 200 2031 - 0.550 ms"}
{"level":"info","message":"GET /unvt/VT/zxy/UniteStreetMapVector/5/22/6.pbf 200 8218 - 0.671 ms"}
{"level":"info","message":"GET /unvt/VT/zxy/UniteStreetMapVector/5/22/4.pbf 200 667 - 0.502 ms"}
{"level":"info","message":"GET /unvt/VT/zxy/UniteStreetMapVector/5/20/4.pbf 200 78 - 0.555 ms"}
{"level":"info","message":"GET /unvt/VT/zxy/UniteStreetMapVector/4/11/3.pbf 200 25544 - 1.318 ms"}
{"level":"info","message":"GET /unvt/VT/zxy/UniteStreetMapVector/4/10/2.pbf 200 6554 - 1.302 ms"}
{"level":"info","message":"GET /unvt/VT/zxy/UniteStreetMapVector/4/11/2.pbf 200 6920 - 0.669 ms"}
{"level":"info","message":"GET /unvt/VT/zxy/UniteStreetMapVector/4/9/2.pbf 200 4680 - 0.557 ms"}
{"level":"info","message":"GET /unvt/VT/zxy/UniteStreetMapVector/4/9/3.pbf 200 42313 - 1.281 ms"}
{"level":"info","message":"GET /unvt/VT/zxy/UniteStreetMapVector/4/10/4.pbf 200 141074 - 1.045 ms"}
{"level":"info","message":"GET /unvt/VT/zxy/UniteStreetMapVector/4/9/4.pbf 200 216925 - 0.931 ms"}
{"level":"info","message":"GET /unvt/VT/zxy/UniteStreetMapVector/4/11/4.pbf 200 76467 - 0.535 ms"}
{"level":"info","message":"GET /unvt/VT/zxy/UniteStreetMapVector/3/5/0.pbf 200 9071 - 0.658 ms"}
{"level":"info","message":"GET /unvt/VT/zxy/UniteStreetMapVector/3/4/0.pbf 200 7132 - 0.712 ms"}
{"level":"info","message":"GET /unvt/VT/zxy/UniteStreetMapVector/3/6/1.pbf 200 75225 - 0.643 ms"}
{"level":"info","message":"GET /unvt/VT/zxy/UniteStreetMapVector/3/6/2.pbf 200 277069 - 0.718 ms"}
{"level":"info","message":"GET /unvt/VT/zxy/UniteStreetMapVector/3/6/0.pbf 200 6610 - 0.873 ms"}
{"level":"info","message":"GET /unvt/VT/zxy/UniteStreetMapVector/3/3/0.pbf 200 6608 - 0.496 ms"}
{"level":"info","message":"GET /unvt/VT/zxy/UniteStreetMapVector/2/1/2.pbf 200 516707 - 0.864 ms"}
{"level":"info","message":"GET /unvt/VT/zxy/UniteStreetMapVector/2/3/2.pbf 200 528989 - 0.997 ms"}
{"level":"info","message":"GET /unvt/VT/zxy/UniteStreetMapVector/2/2/2.pbf 200 607264 - 1.050 ms"}
{"level":"info","message":"GET /unvt/VT/zxy/UniteStreetMapVector/1/0/0.pbf 200 104950 - 0.698 ms"}
{"level":"info","message":"GET /unvt/VT/zxy/UniteStreetMapVector/1/1/0.pbf 200 121559 - 0.801 ms"}
{"level":"info","message":"GET /unvt/VT/zxy/UniteStreetMapVector/1/1/1.pbf 200 101310 - 0.661 ms"}
{"level":"info","message":"GET /unvt/VT/zxy/UniteStreetMapVector/2/2/2.pbf 200 607264 - 0.821 ms"}
{"level":"info","message":"GET /unvt/VT/zxy/UniteStreetMapVector/1/0/1.pbf 200 99443 - 0.768 ms"}
{"level":"info","message":"GET /unvt/VT/zxy/UniteStreetMapVector/2/1/2.pbf 200 516707 - 1.008 ms"}
{"level":"info","message":"GET /unvt/VT/zxy/UniteStreetMapVector/2/3/2.pbf 200 528989 - 1.004 ms"}
{"level":"info","message":"GET /unvt/VT/zxy/UniteStreetMapVector/3/5/0.pbf 200 9071 - 0.849 ms"}
{"level":"info","message":"GET /unvt/VT/zxy/UniteStreetMapVector/3/6/2.pbf 200 277069 - 0.870 ms"}
{"level":"info","message":"GET /unvt/VT/zxy/UniteStreetMapVector/3/4/0.pbf 200 7132 - 0.592 ms"}
{"level":"info","message":"GET /unvt/VT/zxy/UniteStreetMapVector/3/6/0.pbf 200 6610 - 0.690 ms"}
{"level":"info","message":"GET /unvt/VT/zxy/UniteStreetMapVector/3/6/1.pbf 200 75225 - 0.607 ms"}
{"level":"info","message":"GET /unvt/VT/zxy/UniteStreetMapVector/3/6/1.pbf 200 75225 - 0.623 ms"}
{"level":"info","message":"GET /unvt/VT/zxy/UniteStreetMapVector/3/3/0.pbf 200 6608 - 0.885 ms"}
{"level":"info","message":"GET /unvt/VT/zxy/UniteStreetMapVector/3/6/0.pbf 200 6610 - 0.732 ms"}
{"level":"info","message":"GET /unvt/VT/zxy/UniteStreetMapVector/3/3/0.pbf 200 6608 - 0.645 ms"}
{"level":"info","message":"GET /unvt/VT/zxy/UniteStreetMapVector/3/6/2.pbf 200 277069 - 0.723 ms"}
{"level":"info","message":"GET /unvt/VT/zxy/UniteStreetMapVector/4/8/2.pbf 200 5726 - 1.454 ms"}
{"level":"info","message":"GET /unvt/VT/zxy/UniteStreetMapVector/4/8/3.pbf 200 34689 - 1.262 ms"}
{"level":"info","message":"GET /unvt/VT/zxy/UniteStreetMapVector/4/9/1.pbf 200 1093 - 0.856 ms"}
{"level":"info","message":"GET /unvt/VT/zxy/UniteStreetMapVector/4/8/1.pbf 200 2875 - 0.577 ms"}
{"level":"info","message":"GET /unvt/VT/zxy/UniteStreetMapVector/4/10/1.pbf 200 2924 - 0.583 ms"}
{"level":"info","message":"GET /unvt/VT/zxy/UniteStreetMapVector/3/2/0.pbf 200 7152 - 0.677 ms"}
{"level":"info","message":"GET /unvt/VT/zxy/UniteStreetMapVector/3/1/1.pbf 200 56471 - 1.330 ms"}
{"level":"info","message":"GET /unvt/VT/zxy/UniteStreetMapVector/3/1/2.pbf 200 149402 - 1.066 ms"}
{"level":"info","message":"GET /unvt/VT/zxy/UniteStreetMapVector/3/1/0.pbf 200 4219 - 1.001 ms"}
{"level":"info","message":"GET /unvt/VT/zxy/UniteStreetMapVector/1/0/0.pbf 200 104950 - 0.687 ms"}
{"level":"info","message":"GET /unvt/VT/zxy/UniteStreetMapVector/1/1/0.pbf 200 121559 - 0.763 ms"}
{"level":"info","message":"GET /unvt/VT/zxy/UniteStreetMapVector/1/0/1.pbf 200 99443 - 0.732 ms"}
{"level":"info","message":"GET /unvt/VT/zxy/UniteStreetMapVector/1/1/1.pbf 200 101310 - 0.696 ms"}
{"level":"info","message":"GET /unvt/VT/zxy/UniteStreetMapVector/1/1/1.pbf 200 101310 - 0.642 ms"}
{"level":"info","message":"GET /unvt/VT/zxy/UniteStreetMapVector/1/1/0.pbf 200 121559 - 0.603 ms"}
{"level":"info","message":"GET /unvt/VT/zxy/UniteStreetMapVector/2/1/2.pbf 200 516707 - 1.446 ms"}
{"level":"info","message":"GET /unvt/VT/zxy/UniteStreetMapVector/2/0/2.pbf 200 283161 - 1.599 ms"}
{"level":"info","message":"GET /unvt/VT/zxy/UniteStreetMapVector/2/2/2.pbf 200 607264 - 2.795 ms"}
{"level":"info","message":"GET /unvt/VT/zxy/UniteStreetMapVector/4/7/2.pbf 200 3673 - 0.601 ms"}
{"level":"info","message":"GET /unvt/VT/zxy/UniteStreetMapVector/4/7/1.pbf 200 3333 - 0.659 ms"}
{"level":"info","message":"GET /unvt/VT/zxy/UniteStreetMapVector/5/16/4.pbf 200 4884 - 1.613 ms"}
{"level":"info","message":"GET /unvt/VT/zxy/UniteStreetMapVector/5/17/4.pbf 200 13957 - 1.730 ms"}
{"level":"info","message":"GET /unvt/VT/zxy/UniteStreetMapVector/5/17/5.pbf 200 4602 - 1.275 ms"}
{"level":"info","message":"GET /unvt/VT/zxy/UniteStreetMapVector/5/17/3.pbf 200 9353 - 1.141 ms"}
{"level":"info","message":"GET /unvt/VT/zxy/UniteStreetMapVector/5/18/4.pbf 200 4895 - 1.259 ms"}
{"level":"info","message":"GET /unvt/VT/zxy/UniteStreetMapVector/5/16/5.pbf 200 4082 - 0.626 ms"}
{"level":"info","message":"GET /unvt/VT/zxy/UniteStreetMapVector/5/16/3.pbf 200 3833 - 0.631 ms"}
{"level":"info","message":"GET /unvt/VT/zxy/UniteStreetMapVector/5/18/3.pbf 200 5072 - 1.119 ms"}
{"level":"info","message":"GET /unvt/VT/zxy/UniteStreetMapVector/5/18/5.pbf 200 3579 - 1.276 ms"}
{"level":"info","message":"GET /unvt/VT/zxy/UniteStreetMapVector/6/35/8.pbf 200 8778 - 1.764 ms"}
{"level":"info","message":"GET /unvt/VT/zxy/UniteStreetMapVector/6/34/9.pbf 200 9503 - 1.911 ms"}
{"level":"info","message":"GET /unvt/VT/zxy/UniteStreetMapVector/6/34/8.pbf 200 14235 - 1.849 ms"}
{"level":"info","message":"GET /unvt/VT/zxy/UniteStreetMapVector/6/35/9.pbf 200 7262 - 1.408 ms"}
{"level":"info","message":"GET /unvt/VT/zxy/UniteStreetMapVector/6/35/7.pbf 200 10031 - 0.746 ms"}
{"level":"info","message":"GET /unvt/VT/zxy/UniteStreetMapVector/6/36/9.pbf 200 3009 - 1.649 ms"}
{"level":"info","message":"GET /unvt/VT/zxy/UniteStreetMapVector/6/34/7.pbf 200 11046 - 1.166 ms"}
{"level":"info","message":"GET /unvt/VT/zxy/UniteStreetMapVector/6/36/8.pbf 200 2060 - 0.941 ms"}
{"level":"info","message":"GET /unvt/VT/zxy/UniteStreetMapVector/6/36/7.pbf 200 3084 - 1.081 ms"}
{"level":"info","message":"GET /unvt/VT/zxy/UniteStreetMapVector/7/70/16.pbf 200 3774 - 1.693 ms"}
{"level":"info","message":"GET /unvt/VT/zxy/UniteStreetMapVector/7/69/16.pbf 200 7219 - 1.911 ms"}
{"level":"info","message":"GET /unvt/VT/zxy/UniteStreetMapVector/7/70/17.pbf 200 4057 - 1.801 ms"}
{"level":"info","message":"GET /unvt/VT/zxy/UniteStreetMapVector/7/69/17.pbf 200 7794 - 2.184 ms"}
{"level":"info","message":"GET /unvt/VT/zxy/UniteStreetMapVector/7/71/17.pbf 200 3303 - 1.752 ms"}
{"level":"info","message":"GET /unvt/VT/zxy/UniteStreetMapVector/7/71/16.pbf 200 3450 - 1.700 ms"}
{"level":"info","message":"GET /unvt/VT/zxy/UniteStreetMapVector/7/71/16.pbf 200 3450 - 1.717 ms"}
{"level":"info","message":"GET /unvt/VT/zxy/UniteStreetMapVector/7/71/17.pbf 200 3303 - 1.563 ms"}
{"level":"info","message":"GET /unvt/VT/zxy/UniteStreetMapVector/7/71/15.pbf 200 2620 - 1.405 ms"}
{"level":"info","message":"GET /unvt/VT/zxy/UniteStreetMapVector/7/70/15.pbf 200 5992 - 1.289 ms"}
{"level":"info","message":"GET /unvt/VT/zxy/UniteStreetMapVector/7/69/15.pbf 200 5367 - 1.858 ms"}
{"level":"info","message":"GET /unvt/VT/zxy/UniteStreetMapVector/7/71/15.pbf 200 2620 - 0.654 ms"}
{"level":"info","message":"GET /unvt/VT/zxy/UniteStreetMapVector/7/72/16.pbf 200 457 - 1.325 ms"}
{"level":"info","message":"GET /unvt/VT/zxy/UniteStreetMapVector/7/70/15.pbf 200 5992 - 0.651 ms"}
{"level":"info","message":"GET /unvt/VT/zxy/UniteStreetMapVector/7/72/15.pbf 200 1159 - 0.700 ms"}
{"level":"info","message":"GET /unvt/VT/zxy/UniteStreetMapVector/8/143/32.pbf 200 2054 - 1.412 ms"}
{"level":"info","message":"GET /unvt/VT/zxy/UniteStreetMapVector/8/142/33.pbf 200 1921 - 1.179 ms"}
{"level":"info","message":"GET /unvt/VT/zxy/UniteStreetMapVector/8/142/31.pbf 200 2221 - 1.151 ms"}
{"level":"info","message":"GET /unvt/VT/zxy/UniteStreetMapVector/7/72/17.pbf 200 1017 - 1.245 ms"}
{"level":"info","message":"GET /unvt/VT/zxy/UniteStreetMapVector/8/141/32.pbf 200 1355 - 0.772 ms"}
{"level":"info","message":"GET /unvt/VT/zxy/UniteStreetMapVector/8/142/32.pbf 200 2882 - 0.791 ms"}
{"level":"info","message":"GET /unvt/VT/zxy/UniteStreetMapVector/8/143/31.pbf 200 1246 - 0.919 ms"}
{"level":"info","message":"GET /unvt/VT/zxy/UniteStreetMapVector/8/141/31.pbf 200 1831 - 0.825 ms"}
{"level":"info","message":"GET /unvt/VT/zxy/UniteStreetMapVector/8/141/33.pbf 200 870 - 1.441 ms"}
{"level":"info","message":"GET /unvt/VT/zxy/UniteStreetMapVector/9/285/65.pbf 200 1785 - 1.156 ms"}
{"level":"info","message":"GET /unvt/VT/zxy/UniteStreetMapVector/8/143/33.pbf 200 2098 - 0.568 ms"}
{"level":"info","message":"GET /unvt/VT/zxy/UniteStreetMapVector/9/286/65.pbf 200 2688 - 1.276 ms"}
{"level":"info","message":"GET /unvt/VT/zxy/UniteStreetMapVector/9/285/64.pbf 200 1289 - 1.986 ms"}
{"level":"info","message":"GET /unvt/VT/zxy/UniteStreetMapVector/9/285/66.pbf 200 772 - 0.739 ms"}
{"level":"info","message":"GET /unvt/VT/zxy/UniteStreetMapVector/9/284/65.pbf 200 1188 - 1.017 ms"}
{"level":"info","message":"GET /unvt/VT/zxy/UniteStreetMapVector/9/284/66.pbf 200 323 - 1.258 ms"}
{"level":"info","message":"GET /unvt/VT/zxy/UniteStreetMapVector/9/284/64.pbf 200 1640 - 1.073 ms"}
{"level":"info","message":"GET /unvt/VT/zxy/UniteStreetMapVector/9/286/64.pbf 200 821 - 1.210 ms"}
{"level":"info","message":"GET /unvt/VT/zxy/UniteStreetMapVector/9/286/66.pbf 200 746 - 0.610 ms"}
{"level":"info","message":"GET /unvt/VT/zxy/UniteStreetMapVector/10/571/129.pbf 200 803 - 1.681 ms"}
{"level":"info","message":"GET /unvt/VT/zxy/UniteStreetMapVector/10/570/129.pbf 200 1122 - 1.873 ms"}
{"level":"info","message":"GET /unvt/VT/zxy/UniteStreetMapVector/10/571/130.pbf 200 2067 - 1.626 ms"}
{"level":"info","message":"GET /unvt/VT/zxy/UniteStreetMapVector/10/570/130.pbf 200 877 - 2.263 ms"}
{"level":"info","message":"GET /unvt/VT/zxy/UniteStreetMapVector/10/569/130.pbf 200 996 - 1.268 ms"}
{"level":"info","message":"GET /unvt/VT/zxy/UniteStreetMapVector/10/570/131.pbf 200 556 - 0.837 ms"}
{"level":"info","message":"GET /unvt/VT/zxy/UniteStreetMapVector/10/569/129.pbf 200 1101 - 0.689 ms"}
{"level":"info","message":"GET /unvt/VT/zxy/UniteStreetMapVector/10/571/131.pbf 200 675 - 0.599 ms"}
{"level":"info","message":"GET /unvt/VT/zxy/UniteStreetMapVector/10/569/131.pbf 200 271 - 0.973 ms"}
{"level":"info","message":"GET /unvt/VT/zxy/UniteStreetMapVector/11/1140/259.pbf 200 740 - 1.363 ms"}
{"level":"info","message":"GET /unvt/VT/zxy/UniteStreetMapVector/11/1141/259.pbf 200 721 - 1.402 ms"}
{"level":"info","message":"GET /unvt/VT/zxy/UniteStreetMapVector/11/1141/260.pbf 200 759 - 1.079 ms"}
{"level":"info","message":"GET /unvt/VT/zxy/UniteStreetMapVector/11/1140/260.pbf 200 688 - 0.531 ms"}
{"level":"info","message":"GET /unvt/VT/zxy/UniteStreetMapVector/11/1141/258.pbf 200 777 - 1.036 ms"}
{"level":"info","message":"GET /unvt/VT/zxy/UniteStreetMapVector/11/1142/259.pbf 200 386 - 0.847 ms"}
{"level":"info","message":"GET /unvt/VT/zxy/UniteStreetMapVector/11/1142/260.pbf 200 666 - 0.504 ms"}
{"level":"info","message":"GET /unvt/VT/zxy/UniteStreetMapVector/11/1142/258.pbf 200 275 - 0.733 ms"}
{"level":"info","message":"GET /unvt/VT/zxy/UniteStreetMapVector/11/1140/258.pbf 200 776 - 0.578 ms"}
{"level":"info","message":"GET /unvt/VT/zxy/UniteStreetMapVector/11/1139/258.pbf 200 732 - 1.258 ms"}
{"level":"info","message":"GET /unvt/VT/zxy/UniteStreetMapVector/11/1139/260.pbf 200 703 - 1.093 ms"}
{"level":"info","message":"GET /unvt/VT/zxy/UniteStreetMapVector/11/1139/259.pbf 200 658 - 0.828 ms"}
{"level":"info","message":"GET /unvt/VT/zxy/UniteStreetMapVector/11/1138/260.pbf 200 436 - 1.614 ms"}
{"level":"info","message":"GET /unvt/VT/zxy/UniteStreetMapVector/11/1138/258.pbf 200 341 - 0.743 ms"}
{"level":"info","message":"GET /unvt/VT/zxy/UniteStreetMapVector/11/1138/259.pbf 200 532 - 1.515 ms"}
{"level":"info","message":"GET /unvt/VT/zxy/UniteStreetMapVector/10/569/128.pbf 200 878 - 0.791 ms"}
{"level":"info","message":"GET /unvt/VT/zxy/UniteStreetMapVector/10/570/128.pbf 200 722 - 0.764 ms"}
{"level":"info","message":"GET /unvt/VT/zxy/UniteStreetMapVector/10/571/128.pbf 200 612 - 0.559 ms"}
{"level":"info","message":"GET /unvt/VT/zxy/UniteStreetMapVector/8/142/32.pbf 200 2882 - 1.090 ms"}
{"level":"info","message":"GET /unvt/VT/zxy/UniteStreetMapVector/8/143/32.pbf 200 2054 - 0.843 ms"}
{"level":"info","message":"GET /unvt/VT/zxy/UniteStreetMapVector/8/142/33.pbf 200 1921 - 0.576 ms"}
{"level":"info","message":"GET /unvt/VT/zxy/UniteStreetMapVector/8/142/31.pbf 200 2221 - 0.473 ms"}
{"level":"info","message":"GET /unvt/VT/zxy/UniteStreetMapVector/8/141/32.pbf 200 1355 - 0.852 ms"}
{"level":"info","message":"GET /unvt/VT/zxy/UniteStreetMapVector/8/143/33.pbf 200 2098 - 0.594 ms"}
{"level":"info","message":"GET /unvt/VT/zxy/UniteStreetMapVector/8/143/31.pbf 200 1246 - 0.926 ms"}
{"level":"info","message":"GET /unvt/VT/zxy/UniteStreetMapVector/7/70/15.pbf 200 5992 - 0.560 ms"}
{"level":"info","message":"GET /unvt/VT/zxy/UniteStreetMapVector/7/72/16.pbf 200 457 - 0.708 ms"}
{"level":"info","message":"GET /unvt/VT/zxy/UniteStreetMapVector/7/72/17.pbf 200 1017 - 1.008 ms"}
{"level":"info","message":"GET /unvt/VT/zxy/UniteStreetMapVector/8/141/33.pbf 200 870 - 0.969 ms"}
{"level":"info","message":"GET /unvt/VT/zxy/UniteStreetMapVector/8/141/31.pbf 200 1831 - 0.630 ms"}
{"level":"info","message":"GET /unvt/VT/zxy/UniteStreetMapVector/7/72/15.pbf 200 1159 - 0.632 ms"}
{"level":"info","message":"GET /unvt/map-l 304 - - 1.962 ms"}
{"level":"info","message":"GET /unvt/maplibre-gl@5.3.0/maplibre-gl.js 304 - - 0.558 ms"}
{"level":"info","message":"GET /unvt/maplibre-gl@5.3.0/maplibre-gl.css 304 - - 0.279 ms"}
{"level":"info","message":"GET /.well-known/appspecific/com.chrome.devtools.json 404 9 - 0.284 ms"}
{"level":"info","message":"GET /unvt/maplibre-gl@5.3.0/maplibre-gl.js.map 304 - - 0.510 ms"}
{"level":"info","message":"GET /unvt/styles/style-std.json 304 - - 0.378 ms"}
{"level":"info","message":"GET /unvt/sprite-rev/sprite_S.json 304 - - 0.387 ms"}
{"level":"info","message":"GET /unvt/sprite-rev/sprite_S.png 304 - - 0.339 ms"}
{"level":"info","message":"GET /unvt/VT/zxy/UniteStreetMapVector/6/33/8.pbf 200 4401 - 1.675 ms"}
{"level":"info","message":"GET /unvt/VT/zxy/UniteStreetMapVector/6/33/9.pbf 200 2788 - 0.570 ms"}
{"level":"info","message":"GET /unvt/VT/zxy/UniteStreetMapVector/6/33/7.pbf 200 4858 - 0.571 ms"}
{"level":"info","message":"GET /unvt/VT/zxy/UniteStreetMapVector/7/68/17.pbf 200 7076 - 1.571 ms"}
{"level":"info","message":"GET /unvt/VT/zxy/UniteStreetMapVector/7/68/16.pbf 200 7355 - 0.967 ms"}
{"level":"info","message":"GET /unvt/VT/zxy/UniteStreetMapVector/7/69/18.pbf 200 7338 - 1.133 ms"}
{"level":"info","message":"GET /unvt/VT/zxy/UniteStreetMapVector/7/68/18.pbf 200 4434 - 1.202 ms"}
{"level":"info","message":"GET /unvt/VT/zxy/UniteStreetMapVector/7/70/18.pbf 200 4979 - 1.180 ms"}
